Found Elonics E4000 tuner
Available gains (in 1/10th of dB): -10, 15, 40, 65, 90, 115, 140, 165, 190, 215, 240, 290, 340, 420
Selected nearest available gain: 290 (29 dB)
Exact sample rate is: 2000000.052982 Hz
Actual sample rate: 2000000 Hz
Number of bins: 2048
Total number of (complex) samples to collect: 1200001024
Buffer length: 1638400
Number of averaged spectra: 585938
Estimated time of measurements: 600.001 seconds
Tuning to 1420700000 Hz (try 1)
Device tuned to: 1420700000 Hz
Acquisition started at 2026-09-04 11:51:54 UTC
Acquisition done at 2026-09-04 12:02:04 UTC
Actual number of (complex) samples collected: 1200001024
Actual number of device readouts: 1465
Number of successful readouts: 1465
Actual number of averaged spectra: 585938
Effective integration time: 600.001 seconds
Buffer queue histogram: 0 0 0 0 1464 1 
Found Elonics E4000 tuner
Available gains (in 1/10th of dB): -10, 15, 40, 65, 90, 115, 140, 165, 190, 215, 240, 290, 340, 420
Selected nearest available gain: 290 (29 dB)
Exact sample rate is: 2000000.052982 Hz
Actual sample rate: 2000000 Hz
Number of bins: 2048
Total number of (complex) samples to collect: 1200001024
Buffer length: 1638400
Number of averaged spectra: 585938
Estimated time of measurements: 600.001 seconds
Tuning to 1420700000 Hz (try 1)
Device tuned to: 1420700000 Hz
Acquisition started at 2026-09-04 12:02:21 UTC
Acquisition done at 2026-09-04 12:12:30 UTC
Actual number of (complex) samples collected: 1200001024
Actual number of device readouts: 1465
Number of successful readouts: 1465
Actual number of averaged spectra: 585938
Effective integration time: 600.001 seconds
Buffer queue histogram: 0 0 0 0 1464 1 
Found Elonics E4000 tuner
Available gains (in 1/10th of dB): -10, 15, 40, 65, 90, 115, 140, 165, 190, 215, 240, 290, 340, 420
Selected nearest available gain: 290 (29 dB)
Exact sample rate is: 2000000.052982 Hz
Actual sample rate: 2000000 Hz
Number of bins: 2048
Total number of (complex) samples to collect: 1200001024
Buffer length: 1638400
Number of averaged spectra: 585938
Estimated time of measurements: 600.001 seconds
Tuning to 1420700000 Hz (try 1)
Device tuned to: 1420700000 Hz
Acquisition started at 2026-09-04 12:12:47 UTC
Acquisition done at 2026-09-04 12:22:57 UTC
Actual number of (complex) samples collected: 1200001024
Actual number of device readouts: 1465
Number of successful readouts: 1465
Actual number of averaged spectra: 585938
Effective integration time: 600.001 seconds
Buffer queue histogram: 0 0 0 0 1464 1 
Found Elonics E4000 tuner
Available gains (in 1/10th of dB): -10, 15, 40, 65, 90, 115, 140, 165, 190, 215, 240, 290, 340, 420
Selected nearest available gain: 290 (29 dB)
Exact sample rate is: 2000000.052982 Hz
Actual sample rate: 2000000 Hz
Number of bins: 2048
Total number of (complex) samples to collect: 1200001024
Buffer length: 1638400
Number of averaged spectra: 585938
Estimated time of measurements: 600.001 seconds
Tuning to 1420700000 Hz (try 1)
Device tuned to: 1420700000 Hz
Acquisition started at 2026-09-04 12:23:13 UTC
Acquisition done at 2026-09-04 12:33:23 UTC
Actual number of (complex) samples collected: 1200001024
Actual number of device readouts: 1465
Number of successful readouts: 1465
Actual number of averaged spectra: 585938
Effective integration time: 600.001 seconds
Buffer queue histogram: 0 0 0 0 1464 1 
Found Elonics E4000 tuner
Available gains (in 1/10th of dB): -10, 15, 40, 65, 90, 115, 140, 165, 190, 215, 240, 290, 340, 420
Selected nearest available gain: 290 (29 dB)
Exact sample rate is: 2000000.052982 Hz
Actual sample rate: 2000000 Hz
Number of bins: 2048
Total number of (complex) samples to collect: 1200001024
Buffer length: 1638400
Number of averaged spectra: 585938
Estimated time of measurements: 600.001 seconds
Tuning to 1420700000 Hz (try 1)
Device tuned to: 1420700000 Hz
Acquisition started at 2026-09-04 12:33:39 UTC
Acquisition done at 2026-09-04 12:43:49 UTC
Actual number of (complex) samples collected: 1200001024
Actual number of device readouts: 1465
Number of successful readouts: 1465
Actual number of averaged spectra: 585938
Effective integration time: 600.001 seconds
Buffer queue histogram: 0 0 0 0 1464 1 
Found Elonics E4000 tuner
Available gains (in 1/10th of dB): -10, 15, 40, 65, 90, 115, 140, 165, 190, 215, 240, 290, 340, 420
Selected nearest available gain: 290 (29 dB)
Exact sample rate is: 2000000.052982 Hz
Actual sample rate: 2000000 Hz
Number of bins: 2048
Total number of (complex) samples to collect: 1200001024
Buffer length: 1638400
Number of averaged spectra: 585938
Estimated time of measurements: 600.001 seconds
Tuning to 1420700000 Hz (try 1)
Device tuned to: 1420700000 Hz
Acquisition started at 2026-09-04 12:44:05 UTC
Acquisition done at 2026-09-04 12:54:15 UTC
Actual number of (complex) samples collected: 1200001024
Actual number of device readouts: 1465
Number of successful readouts: 1465
Actual number of averaged spectra: 585938
Effective integration time: 600.001 seconds
Buffer queue histogram: 0 0 0 0 1464 1 
Found Elonics E4000 tuner
Available gains (in 1/10th of dB): -10, 15, 40, 65, 90, 115, 140, 165, 190, 215, 240, 290, 340, 420
Selected nearest available gain: 290 (29 dB)
Exact sample rate is: 2000000.052982 Hz
Actual sample rate: 2000000 Hz
Number of bins: 2048
Total number of (complex) samples to collect: 1200001024
Buffer length: 1638400
Number of averaged spectra: 585938
Estimated time of measurements: 600.001 seconds
Tuning to 1420700000 Hz (try 1)
Device tuned to: 1420700000 Hz
Acquisition started at 2026-09-04 12:54:32 UTC
Acquisition done at 2026-09-04 13:04:41 UTC
Actual number of (complex) samples collected: 1200001024
Actual number of device readouts: 1465
Number of successful readouts: 1465
Actual number of averaged spectra: 585938
Effective integration time: 600.001 seconds
Buffer queue histogram: 0 0 0 0 1464 1 
Found Elonics E4000 tuner
Available gains (in 1/10th of dB): -10, 15, 40, 65, 90, 115, 140, 165, 190, 215, 240, 290, 340, 420
Selected nearest available gain: 290 (29 dB)
Exact sample rate is: 2000000.052982 Hz
Actual sample rate: 2000000 Hz
Number of bins: 2048
Total number of (complex) samples to collect: 1200001024
Buffer length: 1638400
Number of averaged spectra: 585938
Estimated time of measurements: 600.001 seconds
Tuning to 1420700000 Hz (try 1)
Device tuned to: 1420700000 Hz
Acquisition started at 2026-09-04 13:04:58 UTC
Acquisition done at 2026-09-04 13:15:08 UTC
Actual number of (complex) samples collected: 1200001024
Actual number of device readouts: 1465
Number of successful readouts: 1465
Actual number of averaged spectra: 585938
Effective integration time: 600.001 seconds
Buffer queue histogram: 0 0 0 0 1464 1 
Found Elonics E4000 tuner
Available gains (in 1/10th of dB): -10, 15, 40, 65, 90, 115, 140, 165, 190, 215, 240, 290, 340, 420
Selected nearest available gain: 290 (29 dB)
Exact sample rate is: 2000000.052982 Hz
Actual sample rate: 2000000 Hz
Number of bins: 2048
Total number of (complex) samples to collect: 1200001024
Buffer length: 1638400
Number of averaged spectra: 585938
Estimated time of measurements: 600.001 seconds
Tuning to 1420700000 Hz (try 1)
Device tuned to: 1420700000 Hz
Acquisition started at 2026-09-04 13:15:24 UTC
Acquisition done at 2026-09-04 13:25:34 UTC
Actual number of (complex) samples collected: 1200001024
Actual number of device readouts: 1465
Number of successful readouts: 1465
Actual number of averaged spectra: 585938
Effective integration time: 600.001 seconds
Buffer queue histogram: 0 0 0 0 1464 1 
Found Elonics E4000 tuner
Available gains (in 1/10th of dB): -10, 15, 40, 65, 90, 115, 140, 165, 190, 215, 240, 290, 340, 420
Selected nearest available gain: 290 (29 dB)
Exact sample rate is: 2000000.052982 Hz
Actual sample rate: 2000000 Hz
Number of bins: 2048
Total number of (complex) samples to collect: 1200001024
Buffer length: 1638400
Number of averaged spectra: 585938
Estimated time of measurements: 600.001 seconds
Tuning to 1420700000 Hz (try 1)
Device tuned to: 1420700000 Hz
Acquisition started at 2026-09-04 13:25:51 UTC
Acquisition done at 2026-09-04 13:36:00 UTC
Actual number of (complex) samples collected: 1200001024
Actual number of device readouts: 1465
Number of successful readouts: 1465
Actual number of averaged spectra: 585938
Effective integration time: 600.001 seconds
Buffer queue histogram: 0 0 0 0 1464 1 
Found Elonics E4000 tuner
Available gains (in 1/10th of dB): -10, 15, 40, 65, 90, 115, 140, 165, 190, 215, 240, 290, 340, 420
Selected nearest available gain: 290 (29 dB)
Exact sample rate is: 2000000.052982 Hz
Actual sample rate: 2000000 Hz
Number of bins: 2048
Total number of (complex) samples to collect: 1200001024
Buffer length: 1638400
Number of averaged spectra: 585938
Estimated time of measurements: 600.001 seconds
Tuning to 1420700000 Hz (try 1)
Device tuned to: 1420700000 Hz
Acquisition started at 2026-09-04 13:36:17 UTC
Acquisition done at 2026-09-04 13:46:26 UTC
Actual number of (complex) samples collected: 1200001024
Actual number of device readouts: 1465
Number of successful readouts: 1465
Actual number of averaged spectra: 585938
Effective integration time: 600.001 seconds
Buffer queue histogram: 0 0 0 0 1464 1 
Found Elonics E4000 tuner
Available gains (in 1/10th of dB): -10, 15, 40, 65, 90, 115, 140, 165, 190, 215, 240, 290, 340, 420
Selected nearest available gain: 290 (29 dB)
Exact sample rate is: 2000000.052982 Hz
Actual sample rate: 2000000 Hz
Number of bins: 2048
Total number of (complex) samples to collect: 1200001024
Buffer length: 1638400
Number of averaged spectra: 585938
Estimated time of measurements: 600.001 seconds
Tuning to 1420700000 Hz (try 1)
Device tuned to: 1420700000 Hz
Acquisition started at 2026-09-04 13:46:43 UTC
Acquisition done at 2026-09-04 13:56:53 UTC
Actual number of (complex) samples collected: 1200001024
Actual number of device readouts: 1465
Number of successful readouts: 1465
Actual number of averaged spectra: 585938
Effective integration time: 600.001 seconds
Buffer queue histogram: 0 0 0 0 1464 1 
Found Elonics E4000 tuner
Available gains (in 1/10th of dB): -10, 15, 40, 65, 90, 115, 140, 165, 190, 215, 240, 290, 340, 420
Selected nearest available gain: 290 (29 dB)
Exact sample rate is: 2000000.052982 Hz
Actual sample rate: 2000000 Hz
Number of bins: 2048
Total number of (complex) samples to collect: 1200001024
Buffer length: 1638400
Number of averaged spectra: 585938
Estimated time of measurements: 600.001 seconds
Tuning to 1420700000 Hz (try 1)
Device tuned to: 1420700000 Hz
Acquisition started at 2026-09-04 13:57:09 UTC
Acquisition done at 2026-09-04 14:07:19 UTC
Actual number of (complex) samples collected: 1200001024
Actual number of device readouts: 1465
Number of successful readouts: 1465
Actual number of averaged spectra: 585938
Effective integration time: 600.001 seconds
Buffer queue histogram: 0 0 0 0 1464 1 
Found Elonics E4000 tuner
Available gains (in 1/10th of dB): -10, 15, 40, 65, 90, 115, 140, 165, 190, 215, 240, 290, 340, 420
Selected nearest available gain: 290 (29 dB)
Exact sample rate is: 2000000.052982 Hz
Actual sample rate: 2000000 Hz
Number of bins: 2048
Total number of (complex) samples to collect: 1200001024
Buffer length: 1638400
Number of averaged spectra: 585938
Estimated time of measurements: 600.001 seconds
Tuning to 1420700000 Hz (try 1)
Device tuned to: 1420700000 Hz
Acquisition started at 2026-09-04 14:07:36 UTC
Acquisition done at 2026-09-04 14:17:46 UTC
Actual number of (complex) samples collected: 1200001024
Actual number of device readouts: 1465
Number of successful readouts: 1465
Actual number of averaged spectra: 585938
Effective integration time: 600.001 seconds
Buffer queue histogram: 0 0 0 0 1464 1 
Found Elonics E4000 tuner
Available gains (in 1/10th of dB): -10, 15, 40, 65, 90, 115, 140, 165, 190, 215, 240, 290, 340, 420
Selected nearest available gain: 290 (29 dB)
Exact sample rate is: 2000000.052982 Hz
Actual sample rate: 2000000 Hz
Number of bins: 2048
Total number of (complex) samples to collect: 1200001024
Buffer length: 1638400
Number of averaged spectra: 585938
Estimated time of measurements: 600.001 seconds
Tuning to 1420700000 Hz (try 1)
Device tuned to: 1420700000 Hz
Acquisition started at 2026-09-04 14:18:02 UTC
Acquisition done at 2026-09-04 14:28:12 UTC
Actual number of (complex) samples collected: 1200001024
Actual number of device readouts: 1465
Number of successful readouts: 1465
Actual number of averaged spectra: 585938
Effective integration time: 600.001 seconds
Buffer queue histogram: 0 0 0 0 1464 1 
Found Elonics E4000 tuner
Available gains (in 1/10th of dB): -10, 15, 40, 65, 90, 115, 140, 165, 190, 215, 240, 290, 340, 420
Selected nearest available gain: 290 (29 dB)
Exact sample rate is: 2000000.052982 Hz
Actual sample rate: 2000000 Hz
Number of bins: 2048
Total number of (complex) samples to collect: 1200001024
Buffer length: 1638400
Number of averaged spectra: 585938
Estimated time of measurements: 600.001 seconds
Tuning to 1420700000 Hz (try 1)
Device tuned to: 1420700000 Hz
Acquisition started at 2026-09-04 14:28:29 UTC
Acquisition done at 2026-09-04 14:38:39 UTC
Actual number of (complex) samples collected: 1200001024
Actual number of device readouts: 1465
Number of successful readouts: 1465
Actual number of averaged spectra: 585938
Effective integration time: 600.001 seconds
Buffer queue histogram: 0 0 0 0 1464 1 
Found Elonics E4000 tuner
Available gains (in 1/10th of dB): -10, 15, 40, 65, 90, 115, 140, 165, 190, 215, 240, 290, 340, 420
Selected nearest available gain: 290 (29 dB)
Exact sample rate is: 2000000.052982 Hz
Actual sample rate: 2000000 Hz
Number of bins: 2048
Total number of (complex) samples to collect: 1200001024
Buffer length: 1638400
Number of averaged spectra: 585938
Estimated time of measurements: 600.001 seconds
Tuning to 1420700000 Hz (try 1)
Device tuned to: 1420700000 Hz
Acquisition started at 2026-09-04 14:38:56 UTC
Acquisition done at 2026-09-04 14:49:06 UTC
Actual number of (complex) samples collected: 1200001024
Actual number of device readouts: 1465
Number of successful readouts: 1465
Actual number of averaged spectra: 585938
Effective integration time: 600.001 seconds
Buffer queue histogram: 0 0 0 0 1464 1 
Found Elonics E4000 tuner
Available gains (in 1/10th of dB): -10, 15, 40, 65, 90, 115, 140, 165, 190, 215, 240, 290, 340, 420
Selected nearest available gain: 290 (29 dB)
Exact sample rate is: 2000000.052982 Hz
Actual sample rate: 2000000 Hz
Number of bins: 2048
Total number of (complex) samples to collect: 1200001024
Buffer length: 1638400
Number of averaged spectra: 585938
Estimated time of measurements: 600.001 seconds
Tuning to 1420700000 Hz (try 1)
Device tuned to: 1420700000 Hz
Acquisition started at 2026-09-04 14:49:22 UTC
Acquisition done at 2026-09-04 14:59:32 UTC
Actual number of (complex) samples collected: 1200001024
Actual number of device readouts: 1465
Number of successful readouts: 1465
Actual number of averaged spectra: 585938
Effective integration time: 600.001 seconds
Buffer queue histogram: 0 0 0 0 1464 1 
Found Elonics E4000 tuner
Available gains (in 1/10th of dB): -10, 15, 40, 65, 90, 115, 140, 165, 190, 215, 240, 290, 340, 420
Selected nearest available gain: 290 (29 dB)
Exact sample rate is: 2000000.052982 Hz
Actual sample rate: 2000000 Hz
Number of bins: 2048
Total number of (complex) samples to collect: 1200001024
Buffer length: 1638400
Number of averaged spectra: 585938
Estimated time of measurements: 600.001 seconds
Tuning to 1420700000 Hz (try 1)
Device tuned to: 1420700000 Hz
Acquisition started at 2026-09-04 14:59:49 UTC
Acquisition done at 2026-09-04 15:09:59 UTC
Actual number of (complex) samples collected: 1200001024
Actual number of device readouts: 1465
Number of successful readouts: 1465
Actual number of averaged spectra: 585938
Effective integration time: 600.001 seconds
Buffer queue histogram: 0 0 0 0 1464 1 
Found Elonics E4000 tuner
Available gains (in 1/10th of dB): -10, 15, 40, 65, 90, 115, 140, 165, 190, 215, 240, 290, 340, 420
Selected nearest available gain: 290 (29 dB)
Exact sample rate is: 2000000.052982 Hz
Actual sample rate: 2000000 Hz
Number of bins: 2048
Total number of (complex) samples to collect: 1200001024
Buffer length: 1638400
Number of averaged spectra: 585938
Estimated time of measurements: 600.001 seconds
Tuning to 1420700000 Hz (try 1)
Device tuned to: 1420700000 Hz
Acquisition started at 2026-09-04 15:10:15 UTC
Acquisition done at 2026-09-04 15:20:25 UTC
Actual number of (complex) samples collected: 1200001024
Actual number of device readouts: 1465
Number of successful readouts: 1465
Actual number of averaged spectra: 585938
Effective integration time: 600.001 seconds
Buffer queue histogram: 0 0 0 0 1464 1 
Found Elonics E4000 tuner
Available gains (in 1/10th of dB): -10, 15, 40, 65, 90, 115, 140, 165, 190, 215, 240, 290, 340, 420
Selected nearest available gain: 290 (29 dB)
Exact sample rate is: 2000000.052982 Hz
Actual sample rate: 2000000 Hz
Number of bins: 2048
Total number of (complex) samples to collect: 1200001024
Buffer length: 1638400
Number of averaged spectra: 585938
Estimated time of measurements: 600.001 seconds
Tuning to 1420700000 Hz (try 1)
Device tuned to: 1420700000 Hz
Acquisition started at 2026-09-04 15:20:41 UTC
Acquisition done at 2026-09-04 15:30:51 UTC
Actual number of (complex) samples collected: 1200001024
Actual number of device readouts: 1465
Number of successful readouts: 1465
Actual number of averaged spectra: 585938
Effective integration time: 600.001 seconds
Buffer queue histogram: 0 0 0 0 1464 1 
Found Elonics E4000 tuner
Available gains (in 1/10th of dB): -10, 15, 40, 65, 90, 115, 140, 165, 190, 215, 240, 290, 340, 420
Selected nearest available gain: 290 (29 dB)
Exact sample rate is: 2000000.052982 Hz
Actual sample rate: 2000000 Hz
Number of bins: 2048
Total number of (complex) samples to collect: 1200001024
Buffer length: 1638400
Number of averaged spectra: 585938
Estimated time of measurements: 600.001 seconds
Tuning to 1420700000 Hz (try 1)
Device tuned to: 1420700000 Hz
Acquisition started at 2026-09-04 15:31:08 UTC
Acquisition done at 2026-09-04 15:41:18 UTC
Actual number of (complex) samples collected: 1200001024
Actual number of device readouts: 1465
Number of successful readouts: 1465
Actual number of averaged spectra: 585938
Effective integration time: 600.001 seconds
Buffer queue histogram: 0 0 0 0 1464 1 
Found Elonics E4000 tuner
Available gains (in 1/10th of dB): -10, 15, 40, 65, 90, 115, 140, 165, 190, 215, 240, 290, 340, 420
Selected nearest available gain: 290 (29 dB)
Exact sample rate is: 2000000.052982 Hz
Actual sample rate: 2000000 Hz
Number of bins: 2048
Total number of (complex) samples to collect: 1200001024
Buffer length: 1638400
Number of averaged spectra: 585938
Estimated time of measurements: 600.001 seconds
Tuning to 1420700000 Hz (try 1)
Device tuned to: 1420700000 Hz
Acquisition started at 2026-09-04 15:41:34 UTC
Acquisition done at 2026-09-04 15:51:44 UTC
Actual number of (complex) samples collected: 1200001024
Actual number of device readouts: 1465
Number of successful readouts: 1465
Actual number of averaged spectra: 585938
Effective integration time: 600.001 seconds
Buffer queue histogram: 0 0 0 0 1464 1 
Found Elonics E4000 tuner
Available gains (in 1/10th of dB): -10, 15, 40, 65, 90, 115, 140, 165, 190, 215, 240, 290, 340, 420
Selected nearest available gain: 290 (29 dB)
Exact sample rate is: 2000000.052982 Hz
Actual sample rate: 2000000 Hz
Number of bins: 2048
Total number of (complex) samples to collect: 1200001024
Buffer length: 1638400
Number of averaged spectra: 585938
Estimated time of measurements: 600.001 seconds
Tuning to 1420700000 Hz (try 1)
Device tuned to: 1420700000 Hz
Acquisition started at 2026-09-04 15:52:01 UTC
Acquisition done at 2026-09-04 16:02:11 UTC
Actual number of (complex) samples collected: 1200001024
Actual number of device readouts: 1465
Number of successful readouts: 1465
Actual number of averaged spectra: 585938
Effective integration time: 600.001 seconds
Buffer queue histogram: 0 0 0 0 1464 1 
Found Elonics E4000 tuner
Available gains (in 1/10th of dB): -10, 15, 40, 65, 90, 115, 140, 165, 190, 215, 240, 290, 340, 420
Selected nearest available gain: 290 (29 dB)
Exact sample rate is: 2000000.052982 Hz
Actual sample rate: 2000000 Hz
Number of bins: 2048
Total number of (complex) samples to collect: 1200001024
Buffer length: 1638400
Number of averaged spectra: 585938
Estimated time of measurements: 600.001 seconds
Tuning to 1420700000 Hz (try 1)
Device tuned to: 1420700000 Hz
Acquisition started at 2026-09-04 16:02:28 UTC
Acquisition done at 2026-09-04 16:12:38 UTC
Actual number of (complex) samples collected: 1200001024
Actual number of device readouts: 1465
Number of successful readouts: 1465
Actual number of averaged spectra: 585938
Effective integration time: 600.001 seconds
Buffer queue histogram: 0 0 0 0 1464 1 
Found Elonics E4000 tuner
Available gains (in 1/10th of dB): -10, 15, 40, 65, 90, 115, 140, 165, 190, 215, 240, 290, 340, 420
Selected nearest available gain: 290 (29 dB)
Exact sample rate is: 2000000.052982 Hz
Actual sample rate: 2000000 Hz
Number of bins: 2048
Total number of (complex) samples to collect: 1200001024
Buffer length: 1638400
Number of averaged spectra: 585938
Estimated time of measurements: 600.001 seconds
Tuning to 1420700000 Hz (try 1)
Device tuned to: 1420700000 Hz
Acquisition started at 2026-09-04 16:12:54 UTC
Acquisition done at 2026-09-04 16:23:04 UTC
Actual number of (complex) samples collected: 1200001024
Actual number of device readouts: 1465
Number of successful readouts: 1465
Actual number of averaged spectra: 585938
Effective integration time: 600.001 seconds
Buffer queue histogram: 0 0 0 0 1464 1 
Found Elonics E4000 tuner
Available gains (in 1/10th of dB): -10, 15, 40, 65, 90, 115, 140, 165, 190, 215, 240, 290, 340, 420
Selected nearest available gain: 290 (29 dB)
Exact sample rate is: 2000000.052982 Hz
Actual sample rate: 2000000 Hz
Number of bins: 2048
Total number of (complex) samples to collect: 1200001024
Buffer length: 1638400
Number of averaged spectra: 585938
Estimated time of measurements: 600.001 seconds
Tuning to 1420700000 Hz (try 1)
Device tuned to: 1420700000 Hz
Acquisition started at 2026-09-04 16:23:21 UTC
Acquisition done at 2026-09-04 16:33:31 UTC
Actual number of (complex) samples collected: 1200001024
Actual number of device readouts: 1465
Number of successful readouts: 1465
Actual number of averaged spectra: 585938
Effective integration time: 600.001 seconds
Buffer queue histogram: 0 0 0 0 1464 1 
Found Elonics E4000 tuner
Available gains (in 1/10th of dB): -10, 15, 40, 65, 90, 115, 140, 165, 190, 215, 240, 290, 340, 420
Selected nearest available gain: 290 (29 dB)
Exact sample rate is: 2000000.052982 Hz
Actual sample rate: 2000000 Hz
Number of bins: 2048
Total number of (complex) samples to collect: 1200001024
Buffer length: 1638400
Number of averaged spectra: 585938
Estimated time of measurements: 600.001 seconds
Tuning to 1420700000 Hz (try 1)
Device tuned to: 1420700000 Hz
Acquisition started at 2026-09-04 16:33:47 UTC
Acquisition done at 2026-09-04 16:43:57 UTC
Actual number of (complex) samples collected: 1200001024
Actual number of device readouts: 1465
Number of successful readouts: 1465
Actual number of averaged spectra: 585938
Effective integration time: 600.001 seconds
Buffer queue histogram: 0 0 0 0 1464 1 
Found Elonics E4000 tuner
Available gains (in 1/10th of dB): -10, 15, 40, 65, 90, 115, 140, 165, 190, 215, 240, 290, 340, 420
Selected nearest available gain: 290 (29 dB)
Exact sample rate is: 2000000.052982 Hz
Actual sample rate: 2000000 Hz
Number of bins: 2048
Total number of (complex) samples to collect: 1200001024
Buffer length: 1638400
Number of averaged spectra: 585938
Estimated time of measurements: 600.001 seconds
Tuning to 1420700000 Hz (try 1)
Device tuned to: 1420700000 Hz
Acquisition started at 2026-09-04 16:44:13 UTC
Acquisition done at 2026-09-04 16:54:23 UTC
Actual number of (complex) samples collected: 1200001024
Actual number of device readouts: 1465
Number of successful readouts: 1465
Actual number of averaged spectra: 585938
Effective integration time: 600.001 seconds
Buffer queue histogram: 0 0 0 0 1464 1 
Found Elonics E4000 tuner
Available gains (in 1/10th of dB): -10, 15, 40, 65, 90, 115, 140, 165, 190, 215, 240, 290, 340, 420
Selected nearest available gain: 290 (29 dB)
Exact sample rate is: 2000000.052982 Hz
Actual sample rate: 2000000 Hz
Number of bins: 2048
Total number of (complex) samples to collect: 1200001024
Buffer length: 1638400
Number of averaged spectra: 585938
Estimated time of measurements: 600.001 seconds
Tuning to 1420700000 Hz (try 1)
Device tuned to: 1420700000 Hz
Acquisition started at 2026-09-04 16:54:40 UTC
Acquisition done at 2026-09-04 17:04:49 UTC
Actual number of (complex) samples collected: 1200001024
Actual number of device readouts: 1465
Number of successful readouts: 1465
Actual number of averaged spectra: 585938
Effective integration time: 600.001 seconds
Buffer queue histogram: 0 0 0 0 1464 1 
Found Elonics E4000 tuner
Available gains (in 1/10th of dB): -10, 15, 40, 65, 90, 115, 140, 165, 190, 215, 240, 290, 340, 420
Selected nearest available gain: 290 (29 dB)
Exact sample rate is: 2000000.052982 Hz
Actual sample rate: 2000000 Hz
Number of bins: 2048
Total number of (complex) samples to collect: 1200001024
Buffer length: 1638400
Number of averaged spectra: 585938
Estimated time of measurements: 600.001 seconds
Tuning to 1420700000 Hz (try 1)
Device tuned to: 1420700000 Hz
Acquisition started at 2026-09-04 17:05:06 UTC
Acquisition done at 2026-09-04 17:15:15 UTC
Actual number of (complex) samples collected: 1200001024
Actual number of device readouts: 1465
Number of successful readouts: 1465
Actual number of averaged spectra: 585938
Effective integration time: 600.001 seconds
Buffer queue histogram: 0 0 0 0 1464 1 
Found Elonics E4000 tuner
Available gains (in 1/10th of dB): -10, 15, 40, 65, 90, 115, 140, 165, 190, 215, 240, 290, 340, 420
Selected nearest available gain: 290 (29 dB)
Exact sample rate is: 2000000.052982 Hz
Actual sample rate: 2000000 Hz
Number of bins: 2048
Total number of (complex) samples to collect: 1200001024
Buffer length: 1638400
Number of averaged spectra: 585938
Estimated time of measurements: 600.001 seconds
Tuning to 1420700000 Hz (try 1)
Device tuned to: 1420700000 Hz
Acquisition started at 2026-09-04 17:15:32 UTC
Acquisition done at 2026-09-04 17:25:42 UTC
Actual number of (complex) samples collected: 1200001024
Actual number of device readouts: 1465
Number of successful readouts: 1465
Actual number of averaged spectra: 585938
Effective integration time: 600.001 seconds
Buffer queue histogram: 0 0 0 0 1464 1 
Found Elonics E4000 tuner
Available gains (in 1/10th of dB): -10, 15, 40, 65, 90, 115, 140, 165, 190, 215, 240, 290, 340, 420
Selected nearest available gain: 290 (29 dB)
Exact sample rate is: 2000000.052982 Hz
Actual sample rate: 2000000 Hz
Number of bins: 2048
Total number of (complex) samples to collect: 1200001024
Buffer length: 1638400
Number of averaged spectra: 585938
Estimated time of measurements: 600.001 seconds
Tuning to 1420700000 Hz (try 1)
Device tuned to: 1420700000 Hz
Acquisition started at 2026-09-04 17:25:58 UTC
Acquisition done at 2026-09-04 17:36:08 UTC
Actual number of (complex) samples collected: 1200001024
Actual number of device readouts: 1465
Number of successful readouts: 1465
Actual number of averaged spectra: 585938
Effective integration time: 600.001 seconds
Buffer queue histogram: 0 0 0 0 1464 1 
Found Elonics E4000 tuner
Available gains (in 1/10th of dB): -10, 15, 40, 65, 90, 115, 140, 165, 190, 215, 240, 290, 340, 420
Selected nearest available gain: 290 (29 dB)
Exact sample rate is: 2000000.052982 Hz
Actual sample rate: 2000000 Hz
Number of bins: 2048
Total number of (complex) samples to collect: 1200001024
Buffer length: 1638400
Number of averaged spectra: 585938
Estimated time of measurements: 600.001 seconds
Tuning to 1420700000 Hz (try 1)
Device tuned to: 1420700000 Hz
Acquisition started at 2026-09-04 17:36:24 UTC
Acquisition done at 2026-09-04 17:46:34 UTC
Actual number of (complex) samples collected: 1200001024
Actual number of device readouts: 1465
Number of successful readouts: 1465
Actual number of averaged spectra: 585938
Effective integration time: 600.001 seconds
Buffer queue histogram: 0 0 0 0 1464 1 
Found Elonics E4000 tuner
Available gains (in 1/10th of dB): -10, 15, 40, 65, 90, 115, 140, 165, 190, 215, 240, 290, 340, 420
Selected nearest available gain: 290 (29 dB)
Exact sample rate is: 2000000.052982 Hz
Actual sample rate: 2000000 Hz
Number of bins: 2048
Total number of (complex) samples to collect: 1200001024
Buffer length: 1638400
Number of averaged spectra: 585938
Estimated time of measurements: 600.001 seconds
Tuning to 1420700000 Hz (try 1)
Device tuned to: 1420700000 Hz
Acquisition started at 2026-09-04 17:46:51 UTC
Acquisition done at 2026-09-04 17:57:00 UTC
Actual number of (complex) samples collected: 1200001024
Actual number of device readouts: 1465
Number of successful readouts: 1465
Actual number of averaged spectra: 585938
Effective integration time: 600.001 seconds
Buffer queue histogram: 0 0 0 0 1464 1 
Found Elonics E4000 tuner
Available gains (in 1/10th of dB): -10, 15, 40, 65, 90, 115, 140, 165, 190, 215, 240, 290, 340, 420
Selected nearest available gain: 290 (29 dB)
Exact sample rate is: 2000000.052982 Hz
Actual sample rate: 2000000 Hz
Number of bins: 2048
Total number of (complex) samples to collect: 1200001024
Buffer length: 1638400
Number of averaged spectra: 585938
Estimated time of measurements: 600.001 seconds
Tuning to 1420700000 Hz (try 1)
Device tuned to: 1420700000 Hz
Acquisition started at 2026-09-04 17:57:17 UTC
Acquisition done at 2026-09-04 18:07:26 UTC
Actual number of (complex) samples collected: 1200001024
Actual number of device readouts: 1465
Number of successful readouts: 1465
Actual number of averaged spectra: 585938
Effective integration time: 600.001 seconds
Buffer queue histogram: 0 0 0 0 1464 1 
Found Elonics E4000 tuner
Available gains (in 1/10th of dB): -10, 15, 40, 65, 90, 115, 140, 165, 190, 215, 240, 290, 340, 420
Selected nearest available gain: 290 (29 dB)
Exact sample rate is: 2000000.052982 Hz
Actual sample rate: 2000000 Hz
Number of bins: 2048
Total number of (complex) samples to collect: 1200001024
Buffer length: 1638400
Number of averaged spectra: 585938
Estimated time of measurements: 600.001 seconds
Tuning to 1420700000 Hz (try 1)
Device tuned to: 1420700000 Hz
Acquisition started at 2026-09-04 18:07:43 UTC
Acquisition done at 2026-09-04 18:17:53 UTC
Actual number of (complex) samples collected: 1200001024
Actual number of device readouts: 1465
Number of successful readouts: 1465
Actual number of averaged spectra: 585938
Effective integration time: 600.001 seconds
Buffer queue histogram: 0 0 0 0 1464 1 
Found Elonics E4000 tuner
Available gains (in 1/10th of dB): -10, 15, 40, 65, 90, 115, 140, 165, 190, 215, 240, 290, 340, 420
Selected nearest available gain: 290 (29 dB)
Exact sample rate is: 2000000.052982 Hz
Actual sample rate: 2000000 Hz
Number of bins: 2048
Total number of (complex) samples to collect: 1200001024
Buffer length: 1638400
Number of averaged spectra: 585938
Estimated time of measurements: 600.001 seconds
Tuning to 1420700000 Hz (try 1)
Device tuned to: 1420700000 Hz
Acquisition started at 2026-09-04 18:18:09 UTC
Acquisition done at 2026-09-04 18:28:19 UTC
Actual number of (complex) samples collected: 1200001024
Actual number of device readouts: 1465
Number of successful readouts: 1465
Actual number of averaged spectra: 585938
Effective integration time: 600.001 seconds
Buffer queue histogram: 0 0 0 0 1464 1 
Found Elonics E4000 tuner
Available gains (in 1/10th of dB): -10, 15, 40, 65, 90, 115, 140, 165, 190, 215, 240, 290, 340, 420
Selected nearest available gain: 290 (29 dB)
Exact sample rate is: 2000000.052982 Hz
Actual sample rate: 2000000 Hz
Number of bins: 2048
Total number of (complex) samples to collect: 1200001024
Buffer length: 1638400
Number of averaged spectra: 585938
Estimated time of measurements: 600.001 seconds
Tuning to 1420700000 Hz (try 1)
Device tuned to: 1420700000 Hz
Acquisition started at 2026-09-04 18:28:35 UTC
Acquisition done at 2026-09-04 18:38:45 UTC
Actual number of (complex) samples collected: 1200001024
Actual number of device readouts: 1465
Number of successful readouts: 1465
Actual number of averaged spectra: 585938
Effective integration time: 600.001 seconds
Buffer queue histogram: 0 0 0 0 1464 1 
Found Elonics E4000 tuner
Available gains (in 1/10th of dB): -10, 15, 40, 65, 90, 115, 140, 165, 190, 215, 240, 290, 340, 420
Selected nearest available gain: 290 (29 dB)
Exact sample rate is: 2000000.052982 Hz
Actual sample rate: 2000000 Hz
Number of bins: 2048
Total number of (complex) samples to collect: 1200001024
Buffer length: 1638400
Number of averaged spectra: 585938
Estimated time of measurements: 600.001 seconds
Tuning to 1420700000 Hz (try 1)
Device tuned to: 1420700000 Hz
Acquisition started at 2026-09-04 18:39:02 UTC
Acquisition done at 2026-09-04 18:49:11 UTC
Actual number of (complex) samples collected: 1200001024
Actual number of device readouts: 1465
Number of successful readouts: 1465
Actual number of averaged spectra: 585938
Effective integration time: 600.001 seconds
Buffer queue histogram: 0 0 0 0 1464 1 
Found Elonics E4000 tuner
Available gains (in 1/10th of dB): -10, 15, 40, 65, 90, 115, 140, 165, 190, 215, 240, 290, 340, 420
Selected nearest available gain: 290 (29 dB)
Exact sample rate is: 2000000.052982 Hz
Actual sample rate: 2000000 Hz
Number of bins: 2048
Total number of (complex) samples to collect: 1200001024
Buffer length: 1638400
Number of averaged spectra: 585938
Estimated time of measurements: 600.001 seconds
Tuning to 1420700000 Hz (try 1)
Device tuned to: 1420700000 Hz
Acquisition started at 2026-09-04 18:49:28 UTC
Acquisition done at 2026-09-04 18:59:37 UTC
Actual number of (complex) samples collected: 1200001024
Actual number of device readouts: 1465
Number of successful readouts: 1465
Actual number of averaged spectra: 585938
Effective integration time: 600.001 seconds
Buffer queue histogram: 0 0 0 0 1464 1 
Found Elonics E4000 tuner
Available gains (in 1/10th of dB): -10, 15, 40, 65, 90, 115, 140, 165, 190, 215, 240, 290, 340, 420
Selected nearest available gain: 290 (29 dB)
Exact sample rate is: 2000000.052982 Hz
Actual sample rate: 2000000 Hz
Number of bins: 2048
Total number of (complex) samples to collect: 1200001024
Buffer length: 1638400
Number of averaged spectra: 585938
Estimated time of measurements: 600.001 seconds
Tuning to 1420700000 Hz (try 1)
Device tuned to: 1420700000 Hz
Acquisition started at 2026-09-04 18:59:54 UTC
Acquisition done at 2026-09-04 19:10:04 UTC
Actual number of (complex) samples collected: 1200001024
Actual number of device readouts: 1465
Number of successful readouts: 1465
Actual number of averaged spectra: 585938
Effective integration time: 600.001 seconds
Buffer queue histogram: 0 0 0 0 1464 1 
Found Elonics E4000 tuner
Available gains (in 1/10th of dB): -10, 15, 40, 65, 90, 115, 140, 165, 190, 215, 240, 290, 340, 420
Selected nearest available gain: 290 (29 dB)
Exact sample rate is: 2000000.052982 Hz
Actual sample rate: 2000000 Hz
Number of bins: 2048
Total number of (complex) samples to collect: 1200001024
Buffer length: 1638400
Number of averaged spectra: 585938
Estimated time of measurements: 600.001 seconds
Tuning to 1420700000 Hz (try 1)
Device tuned to: 1420700000 Hz
Acquisition started at 2026-09-04 19:10:20 UTC
Acquisition done at 2026-09-04 19:20:30 UTC
Actual number of (complex) samples collected: 1200001024
Actual number of device readouts: 1465
Number of successful readouts: 1465
Actual number of averaged spectra: 585938
Effective integration time: 600.001 seconds
Buffer queue histogram: 0 0 0 0 1464 1 
Found Elonics E4000 tuner
Available gains (in 1/10th of dB): -10, 15, 40, 65, 90, 115, 140, 165, 190, 215, 240, 290, 340, 420
Selected nearest available gain: 290 (29 dB)
Exact sample rate is: 2000000.052982 Hz
Actual sample rate: 2000000 Hz
Number of bins: 2048
Total number of (complex) samples to collect: 1200001024
Buffer length: 1638400
Number of averaged spectra: 585938
Estimated time of measurements: 600.001 seconds
Tuning to 1420700000 Hz (try 1)
Device tuned to: 1420700000 Hz
Acquisition started at 2026-09-04 19:20:46 UTC
Acquisition done at 2026-09-04 19:30:56 UTC
Actual number of (complex) samples collected: 1200001024
Actual number of device readouts: 1465
Number of successful readouts: 1465
Actual number of averaged spectra: 585938
Effective integration time: 600.001 seconds
Buffer queue histogram: 0 0 0 0 1464 1 
Found Elonics E4000 tuner
Available gains (in 1/10th of dB): -10, 15, 40, 65, 90, 115, 140, 165, 190, 215, 240, 290, 340, 420
Selected nearest available gain: 290 (29 dB)
Exact sample rate is: 2000000.052982 Hz
Actual sample rate: 2000000 Hz
Number of bins: 2048
Total number of (complex) samples to collect: 1200001024
Buffer length: 1638400
Number of averaged spectra: 585938
Estimated time of measurements: 600.001 seconds
Tuning to 1420700000 Hz (try 1)
Device tuned to: 1420700000 Hz
Acquisition started at 2026-09-04 19:31:13 UTC
Acquisition done at 2026-09-04 19:41:22 UTC
Actual number of (complex) samples collected: 1200001024
Actual number of device readouts: 1465
Number of successful readouts: 1465
Actual number of averaged spectra: 585938
Effective integration time: 600.001 seconds
Buffer queue histogram: 0 0 0 0 1464 1 
Found Elonics E4000 tuner
Available gains (in 1/10th of dB): -10, 15, 40, 65, 90, 115, 140, 165, 190, 215, 240, 290, 340, 420
Selected nearest available gain: 290 (29 dB)
Exact sample rate is: 2000000.052982 Hz
Actual sample rate: 2000000 Hz
Number of bins: 2048
Total number of (complex) samples to collect: 1200001024
Buffer length: 1638400
Number of averaged spectra: 585938
Estimated time of measurements: 600.001 seconds
Tuning to 1420700000 Hz (try 1)
Device tuned to: 1420700000 Hz
Acquisition started at 2026-09-04 19:41:39 UTC
Acquisition done at 2026-09-04 19:51:48 UTC
Actual number of (complex) samples collected: 1200001024
Actual number of device readouts: 1465
Number of successful readouts: 1465
Actual number of averaged spectra: 585938
Effective integration time: 600.001 seconds
Buffer queue histogram: 0 0 0 0 1464 1 
Found Elonics E4000 tuner
Available gains (in 1/10th of dB): -10, 15, 40, 65, 90, 115, 140, 165, 190, 215, 240, 290, 340, 420
Selected nearest available gain: 290 (29 dB)
Exact sample rate is: 2000000.052982 Hz
Actual sample rate: 2000000 Hz
Number of bins: 2048
Total number of (complex) samples to collect: 1200001024
Buffer length: 1638400
Number of averaged spectra: 585938
Estimated time of measurements: 600.001 seconds
Tuning to 1420700000 Hz (try 1)
Device tuned to: 1420700000 Hz
Acquisition started at 2026-09-04 19:52:05 UTC
Acquisition done at 2026-09-04 20:02:15 UTC
Actual number of (complex) samples collected: 1200001024
Actual number of device readouts: 1465
Number of successful readouts: 1465
Actual number of averaged spectra: 585938
Effective integration time: 600.001 seconds
Buffer queue histogram: 0 0 0 0 1464 1 
Found Elonics E4000 tuner
Available gains (in 1/10th of dB): -10, 15, 40, 65, 90, 115, 140, 165, 190, 215, 240, 290, 340, 420
Selected nearest available gain: 290 (29 dB)
Exact sample rate is: 2000000.052982 Hz
Actual sample rate: 2000000 Hz
Number of bins: 2048
Total number of (complex) samples to collect: 1200001024
Buffer length: 1638400
Number of averaged spectra: 585938
Estimated time of measurements: 600.001 seconds
Tuning to 1420700000 Hz (try 1)
Device tuned to: 1420700000 Hz
Acquisition started at 2026-09-04 20:02:31 UTC
Acquisition done at 2026-09-04 20:12:41 UTC
Actual number of (complex) samples collected: 1200001024
Actual number of device readouts: 1465
Number of successful readouts: 1465
Actual number of averaged spectra: 585938
Effective integration time: 600.001 seconds
Buffer queue histogram: 0 0 0 0 1464 1 
Found Elonics E4000 tuner
Available gains (in 1/10th of dB): -10, 15, 40, 65, 90, 115, 140, 165, 190, 215, 240, 290, 340, 420
Selected nearest available gain: 290 (29 dB)
Exact sample rate is: 2000000.052982 Hz
Actual sample rate: 2000000 Hz
Number of bins: 2048
Total number of (complex) samples to collect: 1200001024
Buffer length: 1638400
Number of averaged spectra: 585938
Estimated time of measurements: 600.001 seconds
Tuning to 1420700000 Hz (try 1)
Device tuned to: 1420700000 Hz
Acquisition started at 2026-09-04 20:12:57 UTC
Acquisition done at 2026-09-04 20:23:07 UTC
Actual number of (complex) samples collected: 1200001024
Actual number of device readouts: 1465
Number of successful readouts: 1465
Actual number of averaged spectra: 585938
Effective integration time: 600.001 seconds
Buffer queue histogram: 0 0 0 0 1464 1 
Found Elonics E4000 tuner
Available gains (in 1/10th of dB): -10, 15, 40, 65, 90, 115, 140, 165, 190, 215, 240, 290, 340, 420
Selected nearest available gain: 290 (29 dB)
Exact sample rate is: 2000000.052982 Hz
Actual sample rate: 2000000 Hz
Number of bins: 2048
Total number of (complex) samples to collect: 1200001024
Buffer length: 1638400
Number of averaged spectra: 585938
Estimated time of measurements: 600.001 seconds
Tuning to 1420700000 Hz (try 1)
Device tuned to: 1420700000 Hz
Acquisition started at 2026-09-04 20:23:24 UTC
Acquisition done at 2026-09-04 20:33:33 UTC
Actual number of (complex) samples collected: 1200001024
Actual number of device readouts: 1465
Number of successful readouts: 1465
Actual number of averaged spectra: 585938
Effective integration time: 600.001 seconds
Buffer queue histogram: 0 0 0 0 1464 1 
Found Elonics E4000 tuner
Available gains (in 1/10th of dB): -10, 15, 40, 65, 90, 115, 140, 165, 190, 215, 240, 290, 340, 420
Selected nearest available gain: 290 (29 dB)
Exact sample rate is: 2000000.052982 Hz
Actual sample rate: 2000000 Hz
Number of bins: 2048
Total number of (complex) samples to collect: 1200001024
Buffer length: 1638400
Number of averaged spectra: 585938
Estimated time of measurements: 600.001 seconds
Tuning to 1420700000 Hz (try 1)
Device tuned to: 1420700000 Hz
Acquisition started at 2026-09-04 20:33:50 UTC
Acquisition done at 2026-09-04 20:43:59 UTC
Actual number of (complex) samples collected: 1200001024
Actual number of device readouts: 1465
Number of successful readouts: 1465
Actual number of averaged spectra: 585938
Effective integration time: 600.001 seconds
Buffer queue histogram: 0 0 0 0 1464 1 
Found Elonics E4000 tuner
Available gains (in 1/10th of dB): -10, 15, 40, 65, 90, 115, 140, 165, 190, 215, 240, 290, 340, 420
Selected nearest available gain: 290 (29 dB)
Exact sample rate is: 2000000.052982 Hz
Actual sample rate: 2000000 Hz
Number of bins: 2048
Total number of (complex) samples to collect: 1200001024
Buffer length: 1638400
Number of averaged spectra: 585938
Estimated time of measurements: 600.001 seconds
Tuning to 1420700000 Hz (try 1)
Device tuned to: 1420700000 Hz
Acquisition started at 2026-09-04 20:44:16 UTC
Acquisition done at 2026-09-04 20:54:26 UTC
Actual number of (complex) samples collected: 1200001024
Actual number of device readouts: 1465
Number of successful readouts: 1465
Actual number of averaged spectra: 585938
Effective integration time: 600.001 seconds
Buffer queue histogram: 0 0 0 0 1464 1 
Found Elonics E4000 tuner
Available gains (in 1/10th of dB): -10, 15, 40, 65, 90, 115, 140, 165, 190, 215, 240, 290, 340, 420
Selected nearest available gain: 290 (29 dB)
Exact sample rate is: 2000000.052982 Hz
Actual sample rate: 2000000 Hz
Number of bins: 2048
Total number of (complex) samples to collect: 1200001024
Buffer length: 1638400
Number of averaged spectra: 585938
Estimated time of measurements: 600.001 seconds
Tuning to 1420700000 Hz (try 1)
Device tuned to: 1420700000 Hz
Acquisition started at 2026-09-04 20:54:42 UTC
Acquisition done at 2026-09-04 21:04:52 UTC
Actual number of (complex) samples collected: 1200001024
Actual number of device readouts: 1465
Number of successful readouts: 1465
Actual number of averaged spectra: 585938
Effective integration time: 600.001 seconds
Buffer queue histogram: 0 0 0 0 1464 1 
Found Elonics E4000 tuner
Available gains (in 1/10th of dB): -10, 15, 40, 65, 90, 115, 140, 165, 190, 215, 240, 290, 340, 420
Selected nearest available gain: 290 (29 dB)
Exact sample rate is: 2000000.052982 Hz
Actual sample rate: 2000000 Hz
Number of bins: 2048
Total number of (complex) samples to collect: 1200001024
Buffer length: 1638400
Number of averaged spectra: 585938
Estimated time of measurements: 600.001 seconds
Tuning to 1420700000 Hz (try 1)
Device tuned to: 1420700000 Hz
Acquisition started at 2026-09-04 21:05:08 UTC
Acquisition done at 2026-09-04 21:15:18 UTC
Actual number of (complex) samples collected: 1200001024
Actual number of device readouts: 1465
Number of successful readouts: 1465
Actual number of averaged spectra: 585938
Effective integration time: 600.001 seconds
Buffer queue histogram: 0 0 0 0 1464 1 
Found Elonics E4000 tuner
Available gains (in 1/10th of dB): -10, 15, 40, 65, 90, 115, 140, 165, 190, 215, 240, 290, 340, 420
Selected nearest available gain: 290 (29 dB)
Exact sample rate is: 2000000.052982 Hz
Actual sample rate: 2000000 Hz
Number of bins: 2048
Total number of (complex) samples to collect: 1200001024
Buffer length: 1638400
Number of averaged spectra: 585938
Estimated time of measurements: 600.001 seconds
Tuning to 1420700000 Hz (try 1)
Device tuned to: 1420700000 Hz
Acquisition started at 2026-09-04 21:15:34 UTC
Acquisition done at 2026-09-04 21:25:44 UTC
Actual number of (complex) samples collected: 1200001024
Actual number of device readouts: 1465
Number of successful readouts: 1465
Actual number of averaged spectra: 585938
Effective integration time: 600.001 seconds
Buffer queue histogram: 0 0 0 0 1464 1 
Found Elonics E4000 tuner
Available gains (in 1/10th of dB): -10, 15, 40, 65, 90, 115, 140, 165, 190, 215, 240, 290, 340, 420
Selected nearest available gain: 290 (29 dB)
Exact sample rate is: 2000000.052982 Hz
Actual sample rate: 2000000 Hz
Number of bins: 2048
Total number of (complex) samples to collect: 1200001024
Buffer length: 1638400
Number of averaged spectra: 585938
Estimated time of measurements: 600.001 seconds
Tuning to 1420700000 Hz (try 1)
Device tuned to: 1420700000 Hz
Acquisition started at 2026-09-04 21:26:00 UTC
Acquisition done at 2026-09-04 21:36:10 UTC
Actual number of (complex) samples collected: 1200001024
Actual number of device readouts: 1465
Number of successful readouts: 1465
Actual number of averaged spectra: 585938
Effective integration time: 600.001 seconds
Buffer queue histogram: 0 0 0 0 1464 1 
Found Elonics E4000 tuner
Available gains (in 1/10th of dB): -10, 15, 40, 65, 90, 115, 140, 165, 190, 215, 240, 290, 340, 420
Selected nearest available gain: 290 (29 dB)
Exact sample rate is: 2000000.052982 Hz
Actual sample rate: 2000000 Hz
Number of bins: 2048
Total number of (complex) samples to collect: 1200001024
Buffer length: 1638400
Number of averaged spectra: 585938
Estimated time of measurements: 600.001 seconds
Tuning to 1420700000 Hz (try 1)
Device tuned to: 1420700000 Hz
Acquisition started at 2026-09-04 21:36:27 UTC
Acquisition done at 2026-09-04 21:46:36 UTC
Actual number of (complex) samples collected: 1200001024
Actual number of device readouts: 1465
Number of successful readouts: 1465
Actual number of averaged spectra: 585938
Effective integration time: 600.001 seconds
Buffer queue histogram: 0 0 0 0 1464 1 
Found Elonics E4000 tuner
Available gains (in 1/10th of dB): -10, 15, 40, 65, 90, 115, 140, 165, 190, 215, 240, 290, 340, 420
Selected nearest available gain: 290 (29 dB)
Exact sample rate is: 2000000.052982 Hz
Actual sample rate: 2000000 Hz
Number of bins: 2048
Total number of (complex) samples to collect: 1200001024
Buffer length: 1638400
Number of averaged spectra: 585938
Estimated time of measurements: 600.001 seconds
Tuning to 1420700000 Hz (try 1)
Device tuned to: 1420700000 Hz
Acquisition started at 2026-09-04 21:46:53 UTC
Acquisition done at 2026-09-04 21:57:02 UTC
Actual number of (complex) samples collected: 1200001024
Actual number of device readouts: 1465
Number of successful readouts: 1465
Actual number of averaged spectra: 585938
Effective integration time: 600.001 seconds
Buffer queue histogram: 0 0 0 0 1464 1 
Found Elonics E4000 tuner
Available gains (in 1/10th of dB): -10, 15, 40, 65, 90, 115, 140, 165, 190, 215, 240, 290, 340, 420
Selected nearest available gain: 290 (29 dB)
Exact sample rate is: 2000000.052982 Hz
Actual sample rate: 2000000 Hz
Number of bins: 2048
Total number of (complex) samples to collect: 1200001024
Buffer length: 1638400
Number of averaged spectra: 585938
Estimated time of measurements: 600.001 seconds
Tuning to 1420700000 Hz (try 1)
Device tuned to: 1420700000 Hz
Acquisition started at 2026-09-04 21:57:19 UTC
Acquisition done at 2026-09-04 22:07:28 UTC
Actual number of (complex) samples collected: 1200001024
Actual number of device readouts: 1465
Number of successful readouts: 1465
Actual number of averaged spectra: 585938
Effective integration time: 600.001 seconds
Buffer queue histogram: 0 0 0 0 1464 1 
Found Elonics E4000 tuner
Available gains (in 1/10th of dB): -10, 15, 40, 65, 90, 115, 140, 165, 190, 215, 240, 290, 340, 420
Selected nearest available gain: 290 (29 dB)
Exact sample rate is: 2000000.052982 Hz
Actual sample rate: 2000000 Hz
Number of bins: 2048
Total number of (complex) samples to collect: 1200001024
Buffer length: 1638400
Number of averaged spectra: 585938
Estimated time of measurements: 600.001 seconds
Tuning to 1420700000 Hz (try 1)
Device tuned to: 1420700000 Hz
Acquisition started at 2026-09-04 22:07:45 UTC
Acquisition done at 2026-09-04 22:17:54 UTC
Actual number of (complex) samples collected: 1200001024
Actual number of device readouts: 1465
Number of successful readouts: 1465
Actual number of averaged spectra: 585938
Effective integration time: 600.001 seconds
Buffer queue histogram: 0 0 0 0 1464 1 
Found Elonics E4000 tuner
Available gains (in 1/10th of dB): -10, 15, 40, 65, 90, 115, 140, 165, 190, 215, 240, 290, 340, 420
Selected nearest available gain: 290 (29 dB)
Exact sample rate is: 2000000.052982 Hz
Actual sample rate: 2000000 Hz
Number of bins: 2048
Total number of (complex) samples to collect: 1200001024
Buffer length: 1638400
Number of averaged spectra: 585938
Estimated time of measurements: 600.001 seconds
Tuning to 1420700000 Hz (try 1)
Device tuned to: 1420700000 Hz
Acquisition started at 2026-09-04 22:18:11 UTC
Acquisition done at 2026-09-04 22:28:21 UTC
Actual number of (complex) samples collected: 1200001024
Actual number of device readouts: 1465
Number of successful readouts: 1465
Actual number of averaged spectra: 585938
Effective integration time: 600.001 seconds
Buffer queue histogram: 0 0 0 0 1464 1 
Found Elonics E4000 tuner
Available gains (in 1/10th of dB): -10, 15, 40, 65, 90, 115, 140, 165, 190, 215, 240, 290, 340, 420
Selected nearest available gain: 290 (29 dB)
Exact sample rate is: 2000000.052982 Hz
Actual sample rate: 2000000 Hz
Number of bins: 2048
Total number of (complex) samples to collect: 1200001024
Buffer length: 1638400
Number of averaged spectra: 585938
Estimated time of measurements: 600.001 seconds
Tuning to 1420700000 Hz (try 1)
Device tuned to: 1420700000 Hz
Acquisition started at 2026-09-04 22:28:37 UTC
Acquisition done at 2026-09-04 22:38:47 UTC
Actual number of (complex) samples collected: 1200001024
Actual number of device readouts: 1465
Number of successful readouts: 1465
Actual number of averaged spectra: 585938
Effective integration time: 600.001 seconds
Buffer queue histogram: 0 0 0 0 1464 1 
Found Elonics E4000 tuner
Available gains (in 1/10th of dB): -10, 15, 40, 65, 90, 115, 140, 165, 190, 215, 240, 290, 340, 420
Selected nearest available gain: 290 (29 dB)
Exact sample rate is: 2000000.052982 Hz
Actual sample rate: 2000000 Hz
Number of bins: 2048
Total number of (complex) samples to collect: 1200001024
Buffer length: 1638400
Number of averaged spectra: 585938
Estimated time of measurements: 600.001 seconds
Tuning to 1420700000 Hz (try 1)
Device tuned to: 1420700000 Hz
Acquisition started at 2026-09-04 22:39:03 UTC
Acquisition done at 2026-09-04 22:49:13 UTC
Actual number of (complex) samples collected: 1200001024
Actual number of device readouts: 1465
Number of successful readouts: 1465
Actual number of averaged spectra: 585938
Effective integration time: 600.001 seconds
Buffer queue histogram: 0 0 0 0 1464 1 
Found Elonics E4000 tuner
Available gains (in 1/10th of dB): -10, 15, 40, 65, 90, 115, 140, 165, 190, 215, 240, 290, 340, 420
Selected nearest available gain: 290 (29 dB)
Exact sample rate is: 2000000.052982 Hz
Actual sample rate: 2000000 Hz
Number of bins: 2048
Total number of (complex) samples to collect: 1200001024
Buffer length: 1638400
Number of averaged spectra: 585938
Estimated time of measurements: 600.001 seconds
Tuning to 1420700000 Hz (try 1)
Device tuned to: 1420700000 Hz
Acquisition started at 2026-09-04 22:49:29 UTC
Acquisition done at 2026-09-04 22:59:39 UTC
Actual number of (complex) samples collected: 1200001024
Actual number of device readouts: 1465
Number of successful readouts: 1465
Actual number of averaged spectra: 585938
Effective integration time: 600.001 seconds
Buffer queue histogram: 0 0 0 0 1464 1 
Found Elonics E4000 tuner
Available gains (in 1/10th of dB): -10, 15, 40, 65, 90, 115, 140, 165, 190, 215, 240, 290, 340, 420
Selected nearest available gain: 290 (29 dB)
Exact sample rate is: 2000000.052982 Hz
Actual sample rate: 2000000 Hz
Number of bins: 2048
Total number of (complex) samples to collect: 1200001024
Buffer length: 1638400
Number of averaged spectra: 585938
Estimated time of measurements: 600.001 seconds
Tuning to 1420700000 Hz (try 1)
Device tuned to: 1420700000 Hz
Acquisition started at 2026-09-04 22:59:56 UTC
Acquisition done at 2026-09-04 23:10:05 UTC
Actual number of (complex) samples collected: 1200001024
Actual number of device readouts: 1465
Number of successful readouts: 1465
Actual number of averaged spectra: 585938
Effective integration time: 600.001 seconds
Buffer queue histogram: 0 0 0 0 1464 1 
Found Elonics E4000 tuner
Available gains (in 1/10th of dB): -10, 15, 40, 65, 90, 115, 140, 165, 190, 215, 240, 290, 340, 420
Selected nearest available gain: 290 (29 dB)
Exact sample rate is: 2000000.052982 Hz
Actual sample rate: 2000000 Hz
Number of bins: 2048
Total number of (complex) samples to collect: 1200001024
Buffer length: 1638400
Number of averaged spectra: 585938
Estimated time of measurements: 600.001 seconds
Tuning to 1420700000 Hz (try 1)
Device tuned to: 1420700000 Hz
Acquisition started at 2026-09-04 23:10:22 UTC
Acquisition done at 2026-09-04 23:20:31 UTC
Actual number of (complex) samples collected: 1200001024
Actual number of device readouts: 1465
Number of successful readouts: 1465
Actual number of averaged spectra: 585938
Effective integration time: 600.001 seconds
Buffer queue histogram: 0 0 0 0 1464 1 
Found Elonics E4000 tuner
Available gains (in 1/10th of dB): -10, 15, 40, 65, 90, 115, 140, 165, 190, 215, 240, 290, 340, 420
Selected nearest available gain: 290 (29 dB)
Exact sample rate is: 2000000.052982 Hz
Actual sample rate: 2000000 Hz
Number of bins: 2048
Total number of (complex) samples to collect: 1200001024
Buffer length: 1638400
Number of averaged spectra: 585938
Estimated time of measurements: 600.001 seconds
Tuning to 1420700000 Hz (try 1)
Device tuned to: 1420700000 Hz
Acquisition started at 2026-09-04 23:20:48 UTC
Acquisition done at 2026-09-04 23:30:57 UTC
Actual number of (complex) samples collected: 1200001024
Actual number of device readouts: 1465
Number of successful readouts: 1465
Actual number of averaged spectra: 585938
Effective integration time: 600.001 seconds
Buffer queue histogram: 0 0 0 0 1464 1 
Found Elonics E4000 tuner
Available gains (in 1/10th of dB): -10, 15, 40, 65, 90, 115, 140, 165, 190, 215, 240, 290, 340, 420
Selected nearest available gain: 290 (29 dB)
Exact sample rate is: 2000000.052982 Hz
Actual sample rate: 2000000 Hz
Number of bins: 2048
Total number of (complex) samples to collect: 1200001024
Buffer length: 1638400
Number of averaged spectra: 585938
Estimated time of measurements: 600.001 seconds
Tuning to 1420700000 Hz (try 1)
Device tuned to: 1420700000 Hz
Acquisition started at 2026-09-04 23:31:14 UTC
Acquisition done at 2026-09-04 23:41:23 UTC
Actual number of (complex) samples collected: 1200001024
Actual number of device readouts: 1465
Number of successful readouts: 1465
Actual number of averaged spectra: 585938
Effective integration time: 600.001 seconds
Buffer queue histogram: 0 0 0 0 1464 1 
Found Elonics E4000 tuner
Available gains (in 1/10th of dB): -10, 15, 40, 65, 90, 115, 140, 165, 190, 215, 240, 290, 340, 420
Selected nearest available gain: 290 (29 dB)
Exact sample rate is: 2000000.052982 Hz
Actual sample rate: 2000000 Hz
Number of bins: 2048
Total number of (complex) samples to collect: 1200001024
Buffer length: 1638400
Number of averaged spectra: 585938
Estimated time of measurements: 600.001 seconds
Tuning to 1420700000 Hz (try 1)
Device tuned to: 1420700000 Hz
Acquisition started at 2026-09-04 23:41:40 UTC
Acquisition done at 2026-09-04 23:51:50 UTC
Actual number of (complex) samples collected: 1200001024
Actual number of device readouts: 1465
Number of successful readouts: 1465
Actual number of averaged spectra: 585938
Effective integration time: 600.001 seconds
Buffer queue histogram: 0 0 0 0 1464 1 
Found Elonics E4000 tuner
Available gains (in 1/10th of dB): -10, 15, 40, 65, 90, 115, 140, 165, 190, 215, 240, 290, 340, 420
Selected nearest available gain: 290 (29 dB)
Exact sample rate is: 2000000.052982 Hz
Actual sample rate: 2000000 Hz
Number of bins: 2048
Total number of (complex) samples to collect: 1200001024
Buffer length: 1638400
Number of averaged spectra: 585938
Estimated time of measurements: 600.001 seconds
Tuning to 1420700000 Hz (try 1)
Device tuned to: 1420700000 Hz
Acquisition started at 2026-09-04 23:52:06 UTC
Acquisition done at 2026-09-05 00:02:16 UTC
Actual number of (complex) samples collected: 1200001024
Actual number of device readouts: 1465
Number of successful readouts: 1465
Actual number of averaged spectra: 585938
Effective integration time: 600.001 seconds
Buffer queue histogram: 0 0 0 0 1464 1 
