Found Elonics E4000 tuner
Available gains (in 1/10th of dB): -10, 15, 40, 65, 90, 115, 140, 165, 190, 215, 240, 290, 340, 420
Selected nearest available gain: 290 (29 dB)
Exact sample rate is: 2000000.052982 Hz
Actual sample rate: 2000000 Hz
Number of bins: 2048
Total number of (complex) samples to collect: 1200001024
Buffer length: 1638400
Number of averaged spectra: 585938
Estimated time of measurements: 600.001 seconds
Tuning to 1420700000 Hz (try 1)
Device tuned to: 1420700000 Hz
Acquisition started at 2026-09-05 00:02:35 UTC
Acquisition done at 2026-09-05 00:12:45 UTC
Actual number of (complex) samples collected: 1200001024
Actual number of device readouts: 1465
Number of successful readouts: 1465
Actual number of averaged spectra: 585938
Effective integration time: 600.001 seconds
Buffer queue histogram: 0 0 0 0 1464 1 
Found Elonics E4000 tuner
Available gains (in 1/10th of dB): -10, 15, 40, 65, 90, 115, 140, 165, 190, 215, 240, 290, 340, 420
Selected nearest available gain: 290 (29 dB)
Exact sample rate is: 2000000.052982 Hz
Actual sample rate: 2000000 Hz
Number of bins: 2048
Total number of (complex) samples to collect: 1200001024
Buffer length: 1638400
Number of averaged spectra: 585938
Estimated time of measurements: 600.001 seconds
Tuning to 1420700000 Hz (try 1)
Device tuned to: 1420700000 Hz
Acquisition started at 2026-09-05 00:13:01 UTC
Acquisition done at 2026-09-05 00:23:11 UTC
Actual number of (complex) samples collected: 1200001024
Actual number of device readouts: 1465
Number of successful readouts: 1465
Actual number of averaged spectra: 585938
Effective integration time: 600.001 seconds
Buffer queue histogram: 0 0 0 0 1464 1 
Found Elonics E4000 tuner
Available gains (in 1/10th of dB): -10, 15, 40, 65, 90, 115, 140, 165, 190, 215, 240, 290, 340, 420
Selected nearest available gain: 290 (29 dB)
Exact sample rate is: 2000000.052982 Hz
Actual sample rate: 2000000 Hz
Number of bins: 2048
Total number of (complex) samples to collect: 1200001024
Buffer length: 1638400
Number of averaged spectra: 585938
Estimated time of measurements: 600.001 seconds
Tuning to 1420700000 Hz (try 1)
Device tuned to: 1420700000 Hz
Acquisition started at 2026-09-05 00:23:28 UTC
Acquisition done at 2026-09-05 00:33:38 UTC
Actual number of (complex) samples collected: 1200001024
Actual number of device readouts: 1465
Number of successful readouts: 1465
Actual number of averaged spectra: 585938
Effective integration time: 600.001 seconds
Buffer queue histogram: 0 0 0 0 1464 1 
Found Elonics E4000 tuner
Available gains (in 1/10th of dB): -10, 15, 40, 65, 90, 115, 140, 165, 190, 215, 240, 290, 340, 420
Selected nearest available gain: 290 (29 dB)
Exact sample rate is: 2000000.052982 Hz
Actual sample rate: 2000000 Hz
Number of bins: 2048
Total number of (complex) samples to collect: 1200001024
Buffer length: 1638400
Number of averaged spectra: 585938
Estimated time of measurements: 600.001 seconds
Tuning to 1420700000 Hz (try 1)
Device tuned to: 1420700000 Hz
Acquisition started at 2026-09-05 00:33:54 UTC
Acquisition done at 2026-09-05 00:44:04 UTC
Actual number of (complex) samples collected: 1200001024
Actual number of device readouts: 1465
Number of successful readouts: 1465
Actual number of averaged spectra: 585938
Effective integration time: 600.001 seconds
Buffer queue histogram: 0 0 0 0 1464 1 
Found Elonics E4000 tuner
Available gains (in 1/10th of dB): -10, 15, 40, 65, 90, 115, 140, 165, 190, 215, 240, 290, 340, 420
Selected nearest available gain: 290 (29 dB)
Exact sample rate is: 2000000.052982 Hz
Actual sample rate: 2000000 Hz
Number of bins: 2048
Total number of (complex) samples to collect: 1200001024
Buffer length: 1638400
Number of averaged spectra: 585938
Estimated time of measurements: 600.001 seconds
Tuning to 1420700000 Hz (try 1)
Device tuned to: 1420700000 Hz
Acquisition started at 2026-09-05 00:44:21 UTC
Acquisition done at 2026-09-05 00:54:31 UTC
Actual number of (complex) samples collected: 1200001024
Actual number of device readouts: 1465
Number of successful readouts: 1465
Actual number of averaged spectra: 585938
Effective integration time: 600.001 seconds
Buffer queue histogram: 0 0 0 0 1464 1 
Found Elonics E4000 tuner
Available gains (in 1/10th of dB): -10, 15, 40, 65, 90, 115, 140, 165, 190, 215, 240, 290, 340, 420
Selected nearest available gain: 290 (29 dB)
Exact sample rate is: 2000000.052982 Hz
Actual sample rate: 2000000 Hz
Number of bins: 2048
Total number of (complex) samples to collect: 1200001024
Buffer length: 1638400
Number of averaged spectra: 585938
Estimated time of measurements: 600.001 seconds
Tuning to 1420700000 Hz (try 1)
Device tuned to: 1420700000 Hz
Acquisition started at 2026-09-05 00:54:47 UTC
Acquisition done at 2026-09-05 01:04:57 UTC
Actual number of (complex) samples collected: 1200001024
Actual number of device readouts: 1465
Number of successful readouts: 1465
Actual number of averaged spectra: 585938
Effective integration time: 600.001 seconds
Buffer queue histogram: 0 0 0 0 1464 1 
Found Elonics E4000 tuner
Available gains (in 1/10th of dB): -10, 15, 40, 65, 90, 115, 140, 165, 190, 215, 240, 290, 340, 420
Selected nearest available gain: 290 (29 dB)
Exact sample rate is: 2000000.052982 Hz
Actual sample rate: 2000000 Hz
Number of bins: 2048
Total number of (complex) samples to collect: 1200001024
Buffer length: 1638400
Number of averaged spectra: 585938
Estimated time of measurements: 600.001 seconds
Tuning to 1420700000 Hz (try 1)
Device tuned to: 1420700000 Hz
Acquisition started at 2026-09-05 01:05:14 UTC
Acquisition done at 2026-09-05 01:15:24 UTC
Actual number of (complex) samples collected: 1200001024
Actual number of device readouts: 1465
Number of successful readouts: 1465
Actual number of averaged spectra: 585938
Effective integration time: 600.001 seconds
Buffer queue histogram: 0 0 0 0 1464 1 
Found Elonics E4000 tuner
Available gains (in 1/10th of dB): -10, 15, 40, 65, 90, 115, 140, 165, 190, 215, 240, 290, 340, 420
Selected nearest available gain: 290 (29 dB)
Exact sample rate is: 2000000.052982 Hz
Actual sample rate: 2000000 Hz
Number of bins: 2048
Total number of (complex) samples to collect: 1200001024
Buffer length: 1638400
Number of averaged spectra: 585938
Estimated time of measurements: 600.001 seconds
Tuning to 1420700000 Hz (try 1)
Device tuned to: 1420700000 Hz
Acquisition started at 2026-09-05 01:15:40 UTC
Acquisition done at 2026-09-05 01:25:50 UTC
Actual number of (complex) samples collected: 1200001024
Actual number of device readouts: 1465
Number of successful readouts: 1465
Actual number of averaged spectra: 585938
Effective integration time: 600.001 seconds
Buffer queue histogram: 0 0 0 0 1464 1 
Found Elonics E4000 tuner
Available gains (in 1/10th of dB): -10, 15, 40, 65, 90, 115, 140, 165, 190, 215, 240, 290, 340, 420
Selected nearest available gain: 290 (29 dB)
Exact sample rate is: 2000000.052982 Hz
Actual sample rate: 2000000 Hz
Number of bins: 2048
Total number of (complex) samples to collect: 1200001024
Buffer length: 1638400
Number of averaged spectra: 585938
Estimated time of measurements: 600.001 seconds
Tuning to 1420700000 Hz (try 1)
Device tuned to: 1420700000 Hz
Acquisition started at 2026-09-05 01:26:07 UTC
Acquisition done at 2026-09-05 01:36:16 UTC
Actual number of (complex) samples collected: 1200001024
Actual number of device readouts: 1465
Number of successful readouts: 1465
Actual number of averaged spectra: 585938
Effective integration time: 600.001 seconds
Buffer queue histogram: 0 0 0 0 1464 1 
Found Elonics E4000 tuner
Available gains (in 1/10th of dB): -10, 15, 40, 65, 90, 115, 140, 165, 190, 215, 240, 290, 340, 420
Selected nearest available gain: 290 (29 dB)
Exact sample rate is: 2000000.052982 Hz
Actual sample rate: 2000000 Hz
Number of bins: 2048
Total number of (complex) samples to collect: 1200001024
Buffer length: 1638400
Number of averaged spectra: 585938
Estimated time of measurements: 600.001 seconds
Tuning to 1420700000 Hz (try 1)
Device tuned to: 1420700000 Hz
Acquisition started at 2026-09-05 01:36:33 UTC
Acquisition done at 2026-09-05 01:46:43 UTC
Actual number of (complex) samples collected: 1200001024
Actual number of device readouts: 1465
Number of successful readouts: 1465
Actual number of averaged spectra: 585938
Effective integration time: 600.001 seconds
Buffer queue histogram: 0 0 0 0 1464 1 
Found Elonics E4000 tuner
Available gains (in 1/10th of dB): -10, 15, 40, 65, 90, 115, 140, 165, 190, 215, 240, 290, 340, 420
Selected nearest available gain: 290 (29 dB)
Exact sample rate is: 2000000.052982 Hz
Actual sample rate: 2000000 Hz
Number of bins: 2048
Total number of (complex) samples to collect: 1200001024
Buffer length: 1638400
Number of averaged spectra: 585938
Estimated time of measurements: 600.001 seconds
Tuning to 1420700000 Hz (try 1)
Device tuned to: 1420700000 Hz
Acquisition started at 2026-09-05 01:47:00 UTC
Acquisition done at 2026-09-05 01:57:10 UTC
Actual number of (complex) samples collected: 1200001024
Actual number of device readouts: 1465
Number of successful readouts: 1465
Actual number of averaged spectra: 585938
Effective integration time: 600.001 seconds
Buffer queue histogram: 0 0 0 0 1464 1 
Found Elonics E4000 tuner
Available gains (in 1/10th of dB): -10, 15, 40, 65, 90, 115, 140, 165, 190, 215, 240, 290, 340, 420
Selected nearest available gain: 290 (29 dB)
Exact sample rate is: 2000000.052982 Hz
Actual sample rate: 2000000 Hz
Number of bins: 2048
Total number of (complex) samples to collect: 1200001024
Buffer length: 1638400
Number of averaged spectra: 585938
Estimated time of measurements: 600.001 seconds
Tuning to 1420700000 Hz (try 1)
Device tuned to: 1420700000 Hz
Acquisition started at 2026-09-05 01:57:26 UTC
Acquisition done at 2026-09-05 02:07:36 UTC
Actual number of (complex) samples collected: 1200001024
Actual number of device readouts: 1465
Number of successful readouts: 1465
Actual number of averaged spectra: 585938
Effective integration time: 600.001 seconds
Buffer queue histogram: 0 0 0 0 1464 1 
Found Elonics E4000 tuner
Available gains (in 1/10th of dB): -10, 15, 40, 65, 90, 115, 140, 165, 190, 215, 240, 290, 340, 420
Selected nearest available gain: 290 (29 dB)
Exact sample rate is: 2000000.052982 Hz
Actual sample rate: 2000000 Hz
Number of bins: 2048
Total number of (complex) samples to collect: 1200001024
Buffer length: 1638400
Number of averaged spectra: 585938
Estimated time of measurements: 600.001 seconds
Tuning to 1420700000 Hz (try 1)
Device tuned to: 1420700000 Hz
Acquisition started at 2026-09-05 02:07:53 UTC
Acquisition done at 2026-09-05 02:18:03 UTC
Actual number of (complex) samples collected: 1200001024
Actual number of device readouts: 1465
Number of successful readouts: 1465
Actual number of averaged spectra: 585938
Effective integration time: 600.001 seconds
Buffer queue histogram: 0 0 0 0 1464 1 
Found Elonics E4000 tuner
Available gains (in 1/10th of dB): -10, 15, 40, 65, 90, 115, 140, 165, 190, 215, 240, 290, 340, 420
Selected nearest available gain: 290 (29 dB)
Exact sample rate is: 2000000.052982 Hz
Actual sample rate: 2000000 Hz
Number of bins: 2048
Total number of (complex) samples to collect: 1200001024
Buffer length: 1638400
Number of averaged spectra: 585938
Estimated time of measurements: 600.001 seconds
Tuning to 1420700000 Hz (try 1)
Device tuned to: 1420700000 Hz
Acquisition started at 2026-09-05 02:18:19 UTC
Acquisition done at 2026-09-05 02:28:29 UTC
Actual number of (complex) samples collected: 1200001024
Actual number of device readouts: 1465
Number of successful readouts: 1465
Actual number of averaged spectra: 585938
Effective integration time: 600.001 seconds
Buffer queue histogram: 0 0 0 0 1464 1 
Found Elonics E4000 tuner
Available gains (in 1/10th of dB): -10, 15, 40, 65, 90, 115, 140, 165, 190, 215, 240, 290, 340, 420
Selected nearest available gain: 290 (29 dB)
Exact sample rate is: 2000000.052982 Hz
Actual sample rate: 2000000 Hz
Number of bins: 2048
Total number of (complex) samples to collect: 1200001024
Buffer length: 1638400
Number of averaged spectra: 585938
Estimated time of measurements: 600.001 seconds
Tuning to 1420700000 Hz (try 1)
Device tuned to: 1420700000 Hz
Acquisition started at 2026-09-05 02:28:46 UTC
Acquisition done at 2026-09-05 02:38:56 UTC
Actual number of (complex) samples collected: 1200001024
Actual number of device readouts: 1465
Number of successful readouts: 1465
Actual number of averaged spectra: 585938
Effective integration time: 600.001 seconds
Buffer queue histogram: 0 0 0 0 1464 1 
Found Elonics E4000 tuner
Available gains (in 1/10th of dB): -10, 15, 40, 65, 90, 115, 140, 165, 190, 215, 240, 290, 340, 420
Selected nearest available gain: 290 (29 dB)
Exact sample rate is: 2000000.052982 Hz
Actual sample rate: 2000000 Hz
Number of bins: 2048
Total number of (complex) samples to collect: 1200001024
Buffer length: 1638400
Number of averaged spectra: 585938
Estimated time of measurements: 600.001 seconds
Tuning to 1420700000 Hz (try 1)
Device tuned to: 1420700000 Hz
Acquisition started at 2026-09-05 02:39:12 UTC
Acquisition done at 2026-09-05 02:49:22 UTC
Actual number of (complex) samples collected: 1200001024
Actual number of device readouts: 1465
Number of successful readouts: 1465
Actual number of averaged spectra: 585938
Effective integration time: 600.001 seconds
Buffer queue histogram: 0 0 0 0 1464 1 
Found Elonics E4000 tuner
Available gains (in 1/10th of dB): -10, 15, 40, 65, 90, 115, 140, 165, 190, 215, 240, 290, 340, 420
Selected nearest available gain: 290 (29 dB)
Exact sample rate is: 2000000.052982 Hz
Actual sample rate: 2000000 Hz
Number of bins: 2048
Total number of (complex) samples to collect: 1200001024
Buffer length: 1638400
Number of averaged spectra: 585938
Estimated time of measurements: 600.001 seconds
Tuning to 1420700000 Hz (try 1)
Device tuned to: 1420700000 Hz
Acquisition started at 2026-09-05 02:49:39 UTC
Acquisition done at 2026-09-05 02:59:49 UTC
Actual number of (complex) samples collected: 1200001024
Actual number of device readouts: 1465
Number of successful readouts: 1465
Actual number of averaged spectra: 585938
Effective integration time: 600.001 seconds
Buffer queue histogram: 0 0 0 0 1464 1 
Found Elonics E4000 tuner
Available gains (in 1/10th of dB): -10, 15, 40, 65, 90, 115, 140, 165, 190, 215, 240, 290, 340, 420
Selected nearest available gain: 290 (29 dB)
Exact sample rate is: 2000000.052982 Hz
Actual sample rate: 2000000 Hz
Number of bins: 2048
Total number of (complex) samples to collect: 1200001024
Buffer length: 1638400
Number of averaged spectra: 585938
Estimated time of measurements: 600.001 seconds
Tuning to 1420700000 Hz (try 1)
Device tuned to: 1420700000 Hz
Acquisition started at 2026-09-05 03:00:05 UTC
Acquisition done at 2026-09-05 03:10:15 UTC
Actual number of (complex) samples collected: 1200001024
Actual number of device readouts: 1465
Number of successful readouts: 1465
Actual number of averaged spectra: 585938
Effective integration time: 600.001 seconds
Buffer queue histogram: 0 0 0 0 1464 1 
Found Elonics E4000 tuner
Available gains (in 1/10th of dB): -10, 15, 40, 65, 90, 115, 140, 165, 190, 215, 240, 290, 340, 420
Selected nearest available gain: 290 (29 dB)
Exact sample rate is: 2000000.052982 Hz
Actual sample rate: 2000000 Hz
Number of bins: 2048
Total number of (complex) samples to collect: 1200001024
Buffer length: 1638400
Number of averaged spectra: 585938
Estimated time of measurements: 600.001 seconds
Tuning to 1420700000 Hz (try 1)
Device tuned to: 1420700000 Hz
Acquisition started at 2026-09-05 03:10:32 UTC
Acquisition done at 2026-09-05 03:20:42 UTC
Actual number of (complex) samples collected: 1200001024
Actual number of device readouts: 1465
Number of successful readouts: 1465
Actual number of averaged spectra: 585938
Effective integration time: 600.001 seconds
Buffer queue histogram: 0 0 0 0 1464 1 
Found Elonics E4000 tuner
Available gains (in 1/10th of dB): -10, 15, 40, 65, 90, 115, 140, 165, 190, 215, 240, 290, 340, 420
Selected nearest available gain: 290 (29 dB)
Exact sample rate is: 2000000.052982 Hz
Actual sample rate: 2000000 Hz
Number of bins: 2048
Total number of (complex) samples to collect: 1200001024
Buffer length: 1638400
Number of averaged spectra: 585938
Estimated time of measurements: 600.001 seconds
Tuning to 1420700000 Hz (try 1)
Device tuned to: 1420700000 Hz
Acquisition started at 2026-09-05 03:20:58 UTC
Acquisition done at 2026-09-05 03:31:08 UTC
Actual number of (complex) samples collected: 1200001024
Actual number of device readouts: 1465
Number of successful readouts: 1465
Actual number of averaged spectra: 585938
Effective integration time: 600.001 seconds
Buffer queue histogram: 0 0 0 0 1464 1 
Found Elonics E4000 tuner
Available gains (in 1/10th of dB): -10, 15, 40, 65, 90, 115, 140, 165, 190, 215, 240, 290, 340, 420
Selected nearest available gain: 290 (29 dB)
Exact sample rate is: 2000000.052982 Hz
Actual sample rate: 2000000 Hz
Number of bins: 2048
Total number of (complex) samples to collect: 1200001024
Buffer length: 1638400
Number of averaged spectra: 585938
Estimated time of measurements: 600.001 seconds
Tuning to 1420700000 Hz (try 1)
Device tuned to: 1420700000 Hz
Acquisition started at 2026-09-05 03:31:25 UTC
Acquisition done at 2026-09-05 03:41:35 UTC
Actual number of (complex) samples collected: 1200001024
Actual number of device readouts: 1465
Number of successful readouts: 1465
Actual number of averaged spectra: 585938
Effective integration time: 600.001 seconds
Buffer queue histogram: 0 0 0 0 1464 1 
Found Elonics E4000 tuner
Available gains (in 1/10th of dB): -10, 15, 40, 65, 90, 115, 140, 165, 190, 215, 240, 290, 340, 420
Selected nearest available gain: 290 (29 dB)
Exact sample rate is: 2000000.052982 Hz
Actual sample rate: 2000000 Hz
Number of bins: 2048
Total number of (complex) samples to collect: 1200001024
Buffer length: 1638400
Number of averaged spectra: 585938
Estimated time of measurements: 600.001 seconds
Tuning to 1420700000 Hz (try 1)
Device tuned to: 1420700000 Hz
Acquisition started at 2026-09-05 03:41:51 UTC
Acquisition done at 2026-09-05 03:52:01 UTC
Actual number of (complex) samples collected: 1200001024
Actual number of device readouts: 1465
Number of successful readouts: 1465
Actual number of averaged spectra: 585938
Effective integration time: 600.001 seconds
Buffer queue histogram: 0 0 0 0 1464 1 
Found Elonics E4000 tuner
Available gains (in 1/10th of dB): -10, 15, 40, 65, 90, 115, 140, 165, 190, 215, 240, 290, 340, 420
Selected nearest available gain: 290 (29 dB)
Exact sample rate is: 2000000.052982 Hz
Actual sample rate: 2000000 Hz
Number of bins: 2048
Total number of (complex) samples to collect: 1200001024
Buffer length: 1638400
Number of averaged spectra: 585938
Estimated time of measurements: 600.001 seconds
Tuning to 1420700000 Hz (try 1)
Device tuned to: 1420700000 Hz
Acquisition started at 2026-09-05 03:52:17 UTC
Acquisition done at 2026-09-05 04:02:27 UTC
Actual number of (complex) samples collected: 1200001024
Actual number of device readouts: 1465
Number of successful readouts: 1465
Actual number of averaged spectra: 585938
Effective integration time: 600.001 seconds
Buffer queue histogram: 0 0 0 0 1464 1 
Found Elonics E4000 tuner
Available gains (in 1/10th of dB): -10, 15, 40, 65, 90, 115, 140, 165, 190, 215, 240, 290, 340, 420
Selected nearest available gain: 290 (29 dB)
Exact sample rate is: 2000000.052982 Hz
Actual sample rate: 2000000 Hz
Number of bins: 2048
Total number of (complex) samples to collect: 1200001024
Buffer length: 1638400
Number of averaged spectra: 585938
Estimated time of measurements: 600.001 seconds
Tuning to 1420700000 Hz (try 1)
Device tuned to: 1420700000 Hz
Acquisition started at 2026-09-05 04:02:44 UTC
Acquisition done at 2026-09-05 04:12:53 UTC
Actual number of (complex) samples collected: 1200001024
Actual number of device readouts: 1465
Number of successful readouts: 1465
Actual number of averaged spectra: 585938
Effective integration time: 600.001 seconds
Buffer queue histogram: 0 0 0 0 1464 1 
Found Elonics E4000 tuner
Available gains (in 1/10th of dB): -10, 15, 40, 65, 90, 115, 140, 165, 190, 215, 240, 290, 340, 420
Selected nearest available gain: 290 (29 dB)
Exact sample rate is: 2000000.052982 Hz
Actual sample rate: 2000000 Hz
Number of bins: 2048
Total number of (complex) samples to collect: 1200001024
Buffer length: 1638400
Number of averaged spectra: 585938
Estimated time of measurements: 600.001 seconds
Tuning to 1420700000 Hz (try 1)
Device tuned to: 1420700000 Hz
Acquisition started at 2026-09-05 04:13:10 UTC
Acquisition done at 2026-09-05 04:23:19 UTC
Actual number of (complex) samples collected: 1200001024
Actual number of device readouts: 1465
Number of successful readouts: 1465
Actual number of averaged spectra: 585938
Effective integration time: 600.001 seconds
Buffer queue histogram: 0 0 0 0 1464 1 
Found Elonics E4000 tuner
Available gains (in 1/10th of dB): -10, 15, 40, 65, 90, 115, 140, 165, 190, 215, 240, 290, 340, 420
Selected nearest available gain: 290 (29 dB)
Exact sample rate is: 2000000.052982 Hz
Actual sample rate: 2000000 Hz
Number of bins: 2048
Total number of (complex) samples to collect: 1200001024
Buffer length: 1638400
Number of averaged spectra: 585938
Estimated time of measurements: 600.001 seconds
Tuning to 1420700000 Hz (try 1)
Device tuned to: 1420700000 Hz
Acquisition started at 2026-09-05 04:23:36 UTC
Acquisition done at 2026-09-05 04:33:46 UTC
Actual number of (complex) samples collected: 1200001024
Actual number of device readouts: 1465
Number of successful readouts: 1465
Actual number of averaged spectra: 585938
Effective integration time: 600.001 seconds
Buffer queue histogram: 0 0 0 0 1464 1 
Found Elonics E4000 tuner
Available gains (in 1/10th of dB): -10, 15, 40, 65, 90, 115, 140, 165, 190, 215, 240, 290, 340, 420
Selected nearest available gain: 290 (29 dB)
Exact sample rate is: 2000000.052982 Hz
Actual sample rate: 2000000 Hz
Number of bins: 2048
Total number of (complex) samples to collect: 1200001024
Buffer length: 1638400
Number of averaged spectra: 585938
Estimated time of measurements: 600.001 seconds
Tuning to 1420700000 Hz (try 1)
Device tuned to: 1420700000 Hz
Acquisition started at 2026-09-05 04:34:02 UTC
Acquisition done at 2026-09-05 04:44:12 UTC
Actual number of (complex) samples collected: 1200001024
Actual number of device readouts: 1465
Number of successful readouts: 1465
Actual number of averaged spectra: 585938
Effective integration time: 600.001 seconds
Buffer queue histogram: 0 0 0 0 1464 1 
Found Elonics E4000 tuner
Available gains (in 1/10th of dB): -10, 15, 40, 65, 90, 115, 140, 165, 190, 215, 240, 290, 340, 420
Selected nearest available gain: 290 (29 dB)
Exact sample rate is: 2000000.052982 Hz
Actual sample rate: 2000000 Hz
Number of bins: 2048
Total number of (complex) samples to collect: 1200001024
Buffer length: 1638400
Number of averaged spectra: 585938
Estimated time of measurements: 600.001 seconds
Tuning to 1420700000 Hz (try 1)
Device tuned to: 1420700000 Hz
Acquisition started at 2026-09-05 04:44:28 UTC
Acquisition done at 2026-09-05 04:54:38 UTC
Actual number of (complex) samples collected: 1200001024
Actual number of device readouts: 1465
Number of successful readouts: 1465
Actual number of averaged spectra: 585938
Effective integration time: 600.001 seconds
Buffer queue histogram: 0 0 0 0 1464 1 
Found Elonics E4000 tuner
Available gains (in 1/10th of dB): -10, 15, 40, 65, 90, 115, 140, 165, 190, 215, 240, 290, 340, 420
Selected nearest available gain: 290 (29 dB)
Exact sample rate is: 2000000.052982 Hz
Actual sample rate: 2000000 Hz
Number of bins: 2048
Total number of (complex) samples to collect: 1200001024
Buffer length: 1638400
Number of averaged spectra: 585938
Estimated time of measurements: 600.001 seconds
Tuning to 1420700000 Hz (try 1)
Device tuned to: 1420700000 Hz
Acquisition started at 2026-09-05 04:54:55 UTC
Acquisition done at 2026-09-05 05:05:04 UTC
Actual number of (complex) samples collected: 1200001024
Actual number of device readouts: 1465
Number of successful readouts: 1465
Actual number of averaged spectra: 585938
Effective integration time: 600.001 seconds
Buffer queue histogram: 0 0 0 0 1464 1 
Found Elonics E4000 tuner
Available gains (in 1/10th of dB): -10, 15, 40, 65, 90, 115, 140, 165, 190, 215, 240, 290, 340, 420
Selected nearest available gain: 290 (29 dB)
Exact sample rate is: 2000000.052982 Hz
Actual sample rate: 2000000 Hz
Number of bins: 2048
Total number of (complex) samples to collect: 1200001024
Buffer length: 1638400
Number of averaged spectra: 585938
Estimated time of measurements: 600.001 seconds
Tuning to 1420700000 Hz (try 1)
Device tuned to: 1420700000 Hz
Acquisition started at 2026-09-05 05:05:21 UTC
Acquisition done at 2026-09-05 05:15:30 UTC
Actual number of (complex) samples collected: 1200001024
Actual number of device readouts: 1465
Number of successful readouts: 1465
Actual number of averaged spectra: 585938
Effective integration time: 600.001 seconds
Buffer queue histogram: 0 0 0 0 1464 1 
Found Elonics E4000 tuner
Available gains (in 1/10th of dB): -10, 15, 40, 65, 90, 115, 140, 165, 190, 215, 240, 290, 340, 420
Selected nearest available gain: 290 (29 dB)
Exact sample rate is: 2000000.052982 Hz
Actual sample rate: 2000000 Hz
Number of bins: 2048
Total number of (complex) samples to collect: 1200001024
Buffer length: 1638400
Number of averaged spectra: 585938
Estimated time of measurements: 600.001 seconds
Tuning to 1420700000 Hz (try 1)
Device tuned to: 1420700000 Hz
Acquisition started at 2026-09-05 05:15:47 UTC
Acquisition done at 2026-09-05 05:25:57 UTC
Actual number of (complex) samples collected: 1200001024
Actual number of device readouts: 1465
Number of successful readouts: 1465
Actual number of averaged spectra: 585938
Effective integration time: 600.001 seconds
Buffer queue histogram: 0 0 0 0 1464 1 
Found Elonics E4000 tuner
Available gains (in 1/10th of dB): -10, 15, 40, 65, 90, 115, 140, 165, 190, 215, 240, 290, 340, 420
Selected nearest available gain: 290 (29 dB)
Exact sample rate is: 2000000.052982 Hz
Actual sample rate: 2000000 Hz
Number of bins: 2048
Total number of (complex) samples to collect: 1200001024
Buffer length: 1638400
Number of averaged spectra: 585938
Estimated time of measurements: 600.001 seconds
Tuning to 1420700000 Hz (try 1)
Device tuned to: 1420700000 Hz
Acquisition started at 2026-09-05 05:26:13 UTC
Acquisition done at 2026-09-05 05:36:23 UTC
Actual number of (complex) samples collected: 1200001024
Actual number of device readouts: 1465
Number of successful readouts: 1465
Actual number of averaged spectra: 585938
Effective integration time: 600.001 seconds
Buffer queue histogram: 0 0 0 0 1464 1 
Found Elonics E4000 tuner
Available gains (in 1/10th of dB): -10, 15, 40, 65, 90, 115, 140, 165, 190, 215, 240, 290, 340, 420
Selected nearest available gain: 290 (29 dB)
Exact sample rate is: 2000000.052982 Hz
Actual sample rate: 2000000 Hz
Number of bins: 2048
Total number of (complex) samples to collect: 1200001024
Buffer length: 1638400
Number of averaged spectra: 585938
Estimated time of measurements: 600.001 seconds
Tuning to 1420700000 Hz (try 1)
Device tuned to: 1420700000 Hz
Acquisition started at 2026-09-05 05:36:39 UTC
Acquisition done at 2026-09-05 05:46:49 UTC
Actual number of (complex) samples collected: 1200001024
Actual number of device readouts: 1465
Number of successful readouts: 1465
Actual number of averaged spectra: 585938
Effective integration time: 600.001 seconds
Buffer queue histogram: 0 0 0 0 1464 1 
Found Elonics E4000 tuner
Available gains (in 1/10th of dB): -10, 15, 40, 65, 90, 115, 140, 165, 190, 215, 240, 290, 340, 420
Selected nearest available gain: 290 (29 dB)
Exact sample rate is: 2000000.052982 Hz
Actual sample rate: 2000000 Hz
Number of bins: 2048
Total number of (complex) samples to collect: 1200001024
Buffer length: 1638400
Number of averaged spectra: 585938
Estimated time of measurements: 600.001 seconds
Tuning to 1420700000 Hz (try 1)
Device tuned to: 1420700000 Hz
Acquisition started at 2026-09-05 05:47:06 UTC
Acquisition done at 2026-09-05 05:57:15 UTC
Actual number of (complex) samples collected: 1200001024
Actual number of device readouts: 1465
Number of successful readouts: 1465
Actual number of averaged spectra: 585938
Effective integration time: 600.001 seconds
Buffer queue histogram: 0 0 0 0 1464 1 
Found Elonics E4000 tuner
Available gains (in 1/10th of dB): -10, 15, 40, 65, 90, 115, 140, 165, 190, 215, 240, 290, 340, 420
Selected nearest available gain: 290 (29 dB)
Exact sample rate is: 2000000.052982 Hz
Actual sample rate: 2000000 Hz
Number of bins: 2048
Total number of (complex) samples to collect: 1200001024
Buffer length: 1638400
Number of averaged spectra: 585938
Estimated time of measurements: 600.001 seconds
Tuning to 1420700000 Hz (try 1)
Device tuned to: 1420700000 Hz
Acquisition started at 2026-09-05 05:57:32 UTC
Acquisition done at 2026-09-05 06:07:41 UTC
Actual number of (complex) samples collected: 1200001024
Actual number of device readouts: 1465
Number of successful readouts: 1465
Actual number of averaged spectra: 585938
Effective integration time: 600.001 seconds
Buffer queue histogram: 0 0 0 0 1464 1 
Found Elonics E4000 tuner
Available gains (in 1/10th of dB): -10, 15, 40, 65, 90, 115, 140, 165, 190, 215, 240, 290, 340, 420
Selected nearest available gain: 290 (29 dB)
Exact sample rate is: 2000000.052982 Hz
Actual sample rate: 2000000 Hz
Number of bins: 2048
Total number of (complex) samples to collect: 1200001024
Buffer length: 1638400
Number of averaged spectra: 585938
Estimated time of measurements: 600.001 seconds
Tuning to 1420700000 Hz (try 1)
Device tuned to: 1420700000 Hz
Acquisition started at 2026-09-05 06:07:58 UTC
Acquisition done at 2026-09-05 06:18:08 UTC
Actual number of (complex) samples collected: 1200001024
Actual number of device readouts: 1465
Number of successful readouts: 1465
Actual number of averaged spectra: 585938
Effective integration time: 600.001 seconds
Buffer queue histogram: 0 0 0 0 1464 1 
Found Elonics E4000 tuner
Available gains (in 1/10th of dB): -10, 15, 40, 65, 90, 115, 140, 165, 190, 215, 240, 290, 340, 420
Selected nearest available gain: 290 (29 dB)
Exact sample rate is: 2000000.052982 Hz
Actual sample rate: 2000000 Hz
Number of bins: 2048
Total number of (complex) samples to collect: 1200001024
Buffer length: 1638400
Number of averaged spectra: 585938
Estimated time of measurements: 600.001 seconds
Tuning to 1420700000 Hz (try 1)
Device tuned to: 1420700000 Hz
Acquisition started at 2026-09-05 06:18:24 UTC
Acquisition done at 2026-09-05 06:28:34 UTC
Actual number of (complex) samples collected: 1200001024
Actual number of device readouts: 1465
Number of successful readouts: 1465
Actual number of averaged spectra: 585938
Effective integration time: 600.001 seconds
Buffer queue histogram: 0 0 0 0 1464 1 
Found Elonics E4000 tuner
Available gains (in 1/10th of dB): -10, 15, 40, 65, 90, 115, 140, 165, 190, 215, 240, 290, 340, 420
Selected nearest available gain: 290 (29 dB)
Exact sample rate is: 2000000.052982 Hz
Actual sample rate: 2000000 Hz
Number of bins: 2048
Total number of (complex) samples to collect: 1200001024
Buffer length: 1638400
Number of averaged spectra: 585938
Estimated time of measurements: 600.001 seconds
Tuning to 1420700000 Hz (try 1)
Device tuned to: 1420700000 Hz
Acquisition started at 2026-09-05 06:28:50 UTC
Acquisition done at 2026-09-05 06:39:00 UTC
Actual number of (complex) samples collected: 1200001024
Actual number of device readouts: 1465
Number of successful readouts: 1465
Actual number of averaged spectra: 585938
Effective integration time: 600.001 seconds
Buffer queue histogram: 0 0 0 0 1464 1 
Found Elonics E4000 tuner
Available gains (in 1/10th of dB): -10, 15, 40, 65, 90, 115, 140, 165, 190, 215, 240, 290, 340, 420
Selected nearest available gain: 290 (29 dB)
Exact sample rate is: 2000000.052982 Hz
Actual sample rate: 2000000 Hz
Number of bins: 2048
Total number of (complex) samples to collect: 1200001024
Buffer length: 1638400
Number of averaged spectra: 585938
Estimated time of measurements: 600.001 seconds
Tuning to 1420700000 Hz (try 1)
Device tuned to: 1420700000 Hz
Acquisition started at 2026-09-05 06:39:16 UTC
Acquisition done at 2026-09-05 06:49:26 UTC
Actual number of (complex) samples collected: 1200001024
Actual number of device readouts: 1465
Number of successful readouts: 1465
Actual number of averaged spectra: 585938
Effective integration time: 600.001 seconds
Buffer queue histogram: 0 0 0 0 1464 1 
Found Elonics E4000 tuner
Available gains (in 1/10th of dB): -10, 15, 40, 65, 90, 115, 140, 165, 190, 215, 240, 290, 340, 420
Selected nearest available gain: 290 (29 dB)
Exact sample rate is: 2000000.052982 Hz
Actual sample rate: 2000000 Hz
Number of bins: 2048
Total number of (complex) samples to collect: 1200001024
Buffer length: 1638400
Number of averaged spectra: 585938
Estimated time of measurements: 600.001 seconds
Tuning to 1420700000 Hz (try 1)
Device tuned to: 1420700000 Hz
Acquisition started at 2026-09-05 06:49:43 UTC
Acquisition done at 2026-09-05 06:59:52 UTC
Actual number of (complex) samples collected: 1200001024
Actual number of device readouts: 1465
Number of successful readouts: 1465
Actual number of averaged spectra: 585938
Effective integration time: 600.001 seconds
Buffer queue histogram: 0 0 0 0 1464 1 
Found Elonics E4000 tuner
Available gains (in 1/10th of dB): -10, 15, 40, 65, 90, 115, 140, 165, 190, 215, 240, 290, 340, 420
Selected nearest available gain: 290 (29 dB)
Exact sample rate is: 2000000.052982 Hz
Actual sample rate: 2000000 Hz
Number of bins: 2048
Total number of (complex) samples to collect: 1200001024
Buffer length: 1638400
Number of averaged spectra: 585938
Estimated time of measurements: 600.001 seconds
Tuning to 1420700000 Hz (try 1)
Device tuned to: 1420700000 Hz
Acquisition started at 2026-09-05 07:00:09 UTC
Acquisition done at 2026-09-05 07:10:19 UTC
Actual number of (complex) samples collected: 1200001024
Actual number of device readouts: 1465
Number of successful readouts: 1465
Actual number of averaged spectra: 585938
Effective integration time: 600.001 seconds
Buffer queue histogram: 0 0 0 0 1464 1 
Found Elonics E4000 tuner
Available gains (in 1/10th of dB): -10, 15, 40, 65, 90, 115, 140, 165, 190, 215, 240, 290, 340, 420
Selected nearest available gain: 290 (29 dB)
Exact sample rate is: 2000000.052982 Hz
Actual sample rate: 2000000 Hz
Number of bins: 2048
Total number of (complex) samples to collect: 1200001024
Buffer length: 1638400
Number of averaged spectra: 585938
Estimated time of measurements: 600.001 seconds
Tuning to 1420700000 Hz (try 1)
Device tuned to: 1420700000 Hz
Acquisition started at 2026-09-05 07:10:35 UTC
Acquisition done at 2026-09-05 07:20:45 UTC
Actual number of (complex) samples collected: 1200001024
Actual number of device readouts: 1465
Number of successful readouts: 1465
Actual number of averaged spectra: 585938
Effective integration time: 600.001 seconds
Buffer queue histogram: 0 0 0 0 1464 1 
Found Elonics E4000 tuner
Available gains (in 1/10th of dB): -10, 15, 40, 65, 90, 115, 140, 165, 190, 215, 240, 290, 340, 420
Selected nearest available gain: 290 (29 dB)
Exact sample rate is: 2000000.052982 Hz
Actual sample rate: 2000000 Hz
Number of bins: 2048
Total number of (complex) samples to collect: 1200001024
Buffer length: 1638400
Number of averaged spectra: 585938
Estimated time of measurements: 600.001 seconds
Tuning to 1420700000 Hz (try 1)
Device tuned to: 1420700000 Hz
Acquisition started at 2026-09-05 07:21:02 UTC
Acquisition done at 2026-09-05 07:31:11 UTC
Actual number of (complex) samples collected: 1200001024
Actual number of device readouts: 1465
Number of successful readouts: 1465
Actual number of averaged spectra: 585938
Effective integration time: 600.001 seconds
Buffer queue histogram: 0 0 0 0 1464 1 
Found Elonics E4000 tuner
Available gains (in 1/10th of dB): -10, 15, 40, 65, 90, 115, 140, 165, 190, 215, 240, 290, 340, 420
Selected nearest available gain: 290 (29 dB)
Exact sample rate is: 2000000.052982 Hz
Actual sample rate: 2000000 Hz
Number of bins: 2048
Total number of (complex) samples to collect: 1200001024
Buffer length: 1638400
Number of averaged spectra: 585938
Estimated time of measurements: 600.001 seconds
Tuning to 1420700000 Hz (try 1)
Device tuned to: 1420700000 Hz
Acquisition started at 2026-09-05 07:31:28 UTC
Acquisition done at 2026-09-05 07:41:38 UTC
Actual number of (complex) samples collected: 1200001024
Actual number of device readouts: 1465
Number of successful readouts: 1465
Actual number of averaged spectra: 585938
Effective integration time: 600.001 seconds
Buffer queue histogram: 0 0 0 0 1464 1 
Found Elonics E4000 tuner
Available gains (in 1/10th of dB): -10, 15, 40, 65, 90, 115, 140, 165, 190, 215, 240, 290, 340, 420
Selected nearest available gain: 290 (29 dB)
Exact sample rate is: 2000000.052982 Hz
Actual sample rate: 2000000 Hz
Number of bins: 2048
Total number of (complex) samples to collect: 1200001024
Buffer length: 1638400
Number of averaged spectra: 585938
Estimated time of measurements: 600.001 seconds
Tuning to 1420700000 Hz (try 1)
Device tuned to: 1420700000 Hz
Acquisition started at 2026-09-05 07:41:54 UTC
Acquisition done at 2026-09-05 07:52:04 UTC
Actual number of (complex) samples collected: 1200001024
Actual number of device readouts: 1465
Number of successful readouts: 1465
Actual number of averaged spectra: 585938
Effective integration time: 600.001 seconds
Buffer queue histogram: 0 0 0 0 1464 1 
Found Elonics E4000 tuner
Available gains (in 1/10th of dB): -10, 15, 40, 65, 90, 115, 140, 165, 190, 215, 240, 290, 340, 420
Selected nearest available gain: 290 (29 dB)
Exact sample rate is: 2000000.052982 Hz
Actual sample rate: 2000000 Hz
Number of bins: 2048
Total number of (complex) samples to collect: 1200001024
Buffer length: 1638400
Number of averaged spectra: 585938
Estimated time of measurements: 600.001 seconds
Tuning to 1420700000 Hz (try 1)
Device tuned to: 1420700000 Hz
Acquisition started at 2026-09-05 07:52:21 UTC
Acquisition done at 2026-09-05 08:02:31 UTC
Actual number of (complex) samples collected: 1200001024
Actual number of device readouts: 1465
Number of successful readouts: 1465
Actual number of averaged spectra: 585938
Effective integration time: 600.001 seconds
Buffer queue histogram: 0 0 0 0 1464 1 
Found Elonics E4000 tuner
Available gains (in 1/10th of dB): -10, 15, 40, 65, 90, 115, 140, 165, 190, 215, 240, 290, 340, 420
Selected nearest available gain: 290 (29 dB)
Exact sample rate is: 2000000.052982 Hz
Actual sample rate: 2000000 Hz
Number of bins: 2048
Total number of (complex) samples to collect: 1200001024
Buffer length: 1638400
Number of averaged spectra: 585938
Estimated time of measurements: 600.001 seconds
Tuning to 1420700000 Hz (try 1)
Device tuned to: 1420700000 Hz
Acquisition started at 2026-09-05 08:02:47 UTC
Acquisition done at 2026-09-05 08:12:57 UTC
Actual number of (complex) samples collected: 1200001024
Actual number of device readouts: 1465
Number of successful readouts: 1465
Actual number of averaged spectra: 585938
Effective integration time: 600.001 seconds
Buffer queue histogram: 0 0 0 0 1464 1 
Found Elonics E4000 tuner
Available gains (in 1/10th of dB): -10, 15, 40, 65, 90, 115, 140, 165, 190, 215, 240, 290, 340, 420
Selected nearest available gain: 290 (29 dB)
Exact sample rate is: 2000000.052982 Hz
Actual sample rate: 2000000 Hz
Number of bins: 2048
Total number of (complex) samples to collect: 1200001024
Buffer length: 1638400
Number of averaged spectra: 585938
Estimated time of measurements: 600.001 seconds
Tuning to 1420700000 Hz (try 1)
Device tuned to: 1420700000 Hz
Acquisition started at 2026-09-05 08:13:13 UTC
Acquisition done at 2026-09-05 08:23:23 UTC
Actual number of (complex) samples collected: 1200001024
Actual number of device readouts: 1465
Number of successful readouts: 1465
Actual number of averaged spectra: 585938
Effective integration time: 600.001 seconds
Buffer queue histogram: 0 0 0 0 1464 1 
Found Elonics E4000 tuner
Available gains (in 1/10th of dB): -10, 15, 40, 65, 90, 115, 140, 165, 190, 215, 240, 290, 340, 420
Selected nearest available gain: 290 (29 dB)
Exact sample rate is: 2000000.052982 Hz
Actual sample rate: 2000000 Hz
Number of bins: 2048
Total number of (complex) samples to collect: 1200001024
Buffer length: 1638400
Number of averaged spectra: 585938
Estimated time of measurements: 600.001 seconds
Tuning to 1420700000 Hz (try 1)
Device tuned to: 1420700000 Hz
Acquisition started at 2026-09-05 08:23:39 UTC
Acquisition done at 2026-09-05 08:33:49 UTC
Actual number of (complex) samples collected: 1200001024
Actual number of device readouts: 1465
Number of successful readouts: 1465
Actual number of averaged spectra: 585938
Effective integration time: 600.001 seconds
Buffer queue histogram: 0 0 0 0 1464 1 
Found Elonics E4000 tuner
Available gains (in 1/10th of dB): -10, 15, 40, 65, 90, 115, 140, 165, 190, 215, 240, 290, 340, 420
Selected nearest available gain: 290 (29 dB)
Exact sample rate is: 2000000.052982 Hz
Actual sample rate: 2000000 Hz
Number of bins: 2048
Total number of (complex) samples to collect: 1200001024
Buffer length: 1638400
Number of averaged spectra: 585938
Estimated time of measurements: 600.001 seconds
Tuning to 1420700000 Hz (try 1)
Device tuned to: 1420700000 Hz
Acquisition started at 2026-09-05 08:34:06 UTC
Acquisition done at 2026-09-05 08:44:16 UTC
Actual number of (complex) samples collected: 1200001024
Actual number of device readouts: 1465
Number of successful readouts: 1465
Actual number of averaged spectra: 585938
Effective integration time: 600.001 seconds
Buffer queue histogram: 0 0 0 0 1464 1 
Found Elonics E4000 tuner
Available gains (in 1/10th of dB): -10, 15, 40, 65, 90, 115, 140, 165, 190, 215, 240, 290, 340, 420
Selected nearest available gain: 290 (29 dB)
Exact sample rate is: 2000000.052982 Hz
Actual sample rate: 2000000 Hz
Number of bins: 2048
Total number of (complex) samples to collect: 1200001024
Buffer length: 1638400
Number of averaged spectra: 585938
Estimated time of measurements: 600.001 seconds
Tuning to 1420700000 Hz (try 1)
Device tuned to: 1420700000 Hz
Acquisition started at 2026-09-05 08:44:32 UTC
Acquisition done at 2026-09-05 08:54:42 UTC
Actual number of (complex) samples collected: 1200001024
Actual number of device readouts: 1465
Number of successful readouts: 1465
Actual number of averaged spectra: 585938
Effective integration time: 600.001 seconds
Buffer queue histogram: 0 0 0 0 1464 1 
Found Elonics E4000 tuner
Available gains (in 1/10th of dB): -10, 15, 40, 65, 90, 115, 140, 165, 190, 215, 240, 290, 340, 420
Selected nearest available gain: 290 (29 dB)
Exact sample rate is: 2000000.052982 Hz
Actual sample rate: 2000000 Hz
Number of bins: 2048
Total number of (complex) samples to collect: 1200001024
Buffer length: 1638400
Number of averaged spectra: 585938
Estimated time of measurements: 600.001 seconds
Tuning to 1420700000 Hz (try 1)
Device tuned to: 1420700000 Hz
Acquisition started at 2026-09-05 08:54:58 UTC
Acquisition done at 2026-09-05 09:05:08 UTC
Actual number of (complex) samples collected: 1200001024
Actual number of device readouts: 1465
Number of successful readouts: 1465
Actual number of averaged spectra: 585938
Effective integration time: 600.001 seconds
Buffer queue histogram: 0 0 0 0 1464 1 
Found Elonics E4000 tuner
Available gains (in 1/10th of dB): -10, 15, 40, 65, 90, 115, 140, 165, 190, 215, 240, 290, 340, 420
Selected nearest available gain: 290 (29 dB)
Exact sample rate is: 2000000.052982 Hz
Actual sample rate: 2000000 Hz
Number of bins: 2048
Total number of (complex) samples to collect: 1200001024
Buffer length: 1638400
Number of averaged spectra: 585938
Estimated time of measurements: 600.001 seconds
Tuning to 1420700000 Hz (try 1)
Device tuned to: 1420700000 Hz
Acquisition started at 2026-09-05 09:05:24 UTC
Acquisition done at 2026-09-05 09:15:34 UTC
Actual number of (complex) samples collected: 1200001024
Actual number of device readouts: 1465
Number of successful readouts: 1465
Actual number of averaged spectra: 585938
Effective integration time: 600.001 seconds
Buffer queue histogram: 0 0 0 0 1464 1 
Found Elonics E4000 tuner
Available gains (in 1/10th of dB): -10, 15, 40, 65, 90, 115, 140, 165, 190, 215, 240, 290, 340, 420
Selected nearest available gain: 290 (29 dB)
Exact sample rate is: 2000000.052982 Hz
Actual sample rate: 2000000 Hz
Number of bins: 2048
Total number of (complex) samples to collect: 1200001024
Buffer length: 1638400
Number of averaged spectra: 585938
Estimated time of measurements: 600.001 seconds
Tuning to 1420700000 Hz (try 1)
Device tuned to: 1420700000 Hz
Acquisition started at 2026-09-05 09:15:51 UTC
Acquisition done at 2026-09-05 09:26:00 UTC
Actual number of (complex) samples collected: 1200001024
Actual number of device readouts: 1465
Number of successful readouts: 1465
Actual number of averaged spectra: 585938
Effective integration time: 600.001 seconds
Buffer queue histogram: 0 0 0 0 1464 1 
Found Elonics E4000 tuner
Available gains (in 1/10th of dB): -10, 15, 40, 65, 90, 115, 140, 165, 190, 215, 240, 290, 340, 420
Selected nearest available gain: 290 (29 dB)
Exact sample rate is: 2000000.052982 Hz
Actual sample rate: 2000000 Hz
Number of bins: 2048
Total number of (complex) samples to collect: 1200001024
Buffer length: 1638400
Number of averaged spectra: 585938
Estimated time of measurements: 600.001 seconds
Tuning to 1420700000 Hz (try 1)
Device tuned to: 1420700000 Hz
Acquisition started at 2026-09-05 09:26:17 UTC
Acquisition done at 2026-09-05 09:36:27 UTC
Actual number of (complex) samples collected: 1200001024
Actual number of device readouts: 1465
Number of successful readouts: 1465
Actual number of averaged spectra: 585938
Effective integration time: 600.001 seconds
Buffer queue histogram: 0 0 0 0 1464 1 
Found Elonics E4000 tuner
Available gains (in 1/10th of dB): -10, 15, 40, 65, 90, 115, 140, 165, 190, 215, 240, 290, 340, 420
Selected nearest available gain: 290 (29 dB)
Exact sample rate is: 2000000.052982 Hz
Actual sample rate: 2000000 Hz
Number of bins: 2048
Total number of (complex) samples to collect: 1200001024
Buffer length: 1638400
Number of averaged spectra: 585938
Estimated time of measurements: 600.001 seconds
Tuning to 1420700000 Hz (try 1)
Device tuned to: 1420700000 Hz
Acquisition started at 2026-09-05 09:36:43 UTC
Acquisition done at 2026-09-05 09:46:53 UTC
Actual number of (complex) samples collected: 1200001024
Actual number of device readouts: 1465
Number of successful readouts: 1465
Actual number of averaged spectra: 585938
Effective integration time: 600.001 seconds
Buffer queue histogram: 0 0 0 0 1464 1 
Found Elonics E4000 tuner
Available gains (in 1/10th of dB): -10, 15, 40, 65, 90, 115, 140, 165, 190, 215, 240, 290, 340, 420
Selected nearest available gain: 290 (29 dB)
Exact sample rate is: 2000000.052982 Hz
Actual sample rate: 2000000 Hz
Number of bins: 2048
Total number of (complex) samples to collect: 1200001024
Buffer length: 1638400
Number of averaged spectra: 585938
Estimated time of measurements: 600.001 seconds
Tuning to 1420700000 Hz (try 1)
Device tuned to: 1420700000 Hz
Acquisition started at 2026-09-05 09:47:10 UTC
Acquisition done at 2026-09-05 09:57:19 UTC
Actual number of (complex) samples collected: 1200001024
Actual number of device readouts: 1465
Number of successful readouts: 1465
Actual number of averaged spectra: 585938
Effective integration time: 600.001 seconds
Buffer queue histogram: 0 0 0 0 1464 1 
Found Elonics E4000 tuner
Available gains (in 1/10th of dB): -10, 15, 40, 65, 90, 115, 140, 165, 190, 215, 240, 290, 340, 420
Selected nearest available gain: 290 (29 dB)
Exact sample rate is: 2000000.052982 Hz
Actual sample rate: 2000000 Hz
Number of bins: 2048
Total number of (complex) samples to collect: 1200001024
Buffer length: 1638400
Number of averaged spectra: 585938
Estimated time of measurements: 600.001 seconds
Tuning to 1420700000 Hz (try 1)
Device tuned to: 1420700000 Hz
Acquisition started at 2026-09-05 09:57:36 UTC
Acquisition done at 2026-09-05 10:07:45 UTC
Actual number of (complex) samples collected: 1200001024
Actual number of device readouts: 1465
Number of successful readouts: 1465
Actual number of averaged spectra: 585938
Effective integration time: 600.001 seconds
Buffer queue histogram: 0 0 0 0 1464 1 
Found Elonics E4000 tuner
Available gains (in 1/10th of dB): -10, 15, 40, 65, 90, 115, 140, 165, 190, 215, 240, 290, 340, 420
Selected nearest available gain: 290 (29 dB)
Exact sample rate is: 2000000.052982 Hz
Actual sample rate: 2000000 Hz
Number of bins: 2048
Total number of (complex) samples to collect: 1200001024
Buffer length: 1638400
Number of averaged spectra: 585938
Estimated time of measurements: 600.001 seconds
Tuning to 1420700000 Hz (try 1)
Device tuned to: 1420700000 Hz
Acquisition started at 2026-09-05 10:08:02 UTC
Acquisition done at 2026-09-05 10:18:12 UTC
Actual number of (complex) samples collected: 1200001024
Actual number of device readouts: 1465
Number of successful readouts: 1465
Actual number of averaged spectra: 585938
Effective integration time: 600.001 seconds
Buffer queue histogram: 0 0 0 0 1464 1 
Found Elonics E4000 tuner
Available gains (in 1/10th of dB): -10, 15, 40, 65, 90, 115, 140, 165, 190, 215, 240, 290, 340, 420
Selected nearest available gain: 290 (29 dB)
Exact sample rate is: 2000000.052982 Hz
Actual sample rate: 2000000 Hz
Number of bins: 2048
Total number of (complex) samples to collect: 1200001024
Buffer length: 1638400
Number of averaged spectra: 585938
Estimated time of measurements: 600.001 seconds
Tuning to 1420700000 Hz (try 1)
Device tuned to: 1420700000 Hz
Acquisition started at 2026-09-05 10:18:28 UTC
Acquisition done at 2026-09-05 10:28:38 UTC
Actual number of (complex) samples collected: 1200001024
Actual number of device readouts: 1465
Number of successful readouts: 1465
Actual number of averaged spectra: 585938
Effective integration time: 600.001 seconds
Buffer queue histogram: 0 0 0 0 1464 1 
Found Elonics E4000 tuner
Available gains (in 1/10th of dB): -10, 15, 40, 65, 90, 115, 140, 165, 190, 215, 240, 290, 340, 420
Selected nearest available gain: 290 (29 dB)
Exact sample rate is: 2000000.052982 Hz
Actual sample rate: 2000000 Hz
Number of bins: 2048
Total number of (complex) samples to collect: 1200001024
Buffer length: 1638400
Number of averaged spectra: 585938
Estimated time of measurements: 600.001 seconds
Tuning to 1420700000 Hz (try 1)
Device tuned to: 1420700000 Hz
Acquisition started at 2026-09-05 10:28:55 UTC
Acquisition done at 2026-09-05 10:39:04 UTC
Actual number of (complex) samples collected: 1200001024
Actual number of device readouts: 1465
Number of successful readouts: 1465
Actual number of averaged spectra: 585938
Effective integration time: 600.001 seconds
Buffer queue histogram: 0 0 0 0 1464 1 
Found Elonics E4000 tuner
Available gains (in 1/10th of dB): -10, 15, 40, 65, 90, 115, 140, 165, 190, 215, 240, 290, 340, 420
Selected nearest available gain: 290 (29 dB)
Exact sample rate is: 2000000.052982 Hz
Actual sample rate: 2000000 Hz
Number of bins: 2048
Total number of (complex) samples to collect: 1200001024
Buffer length: 1638400
Number of averaged spectra: 585938
Estimated time of measurements: 600.001 seconds
Tuning to 1420700000 Hz (try 1)
Device tuned to: 1420700000 Hz
Acquisition started at 2026-09-05 10:39:21 UTC
Acquisition done at 2026-09-05 10:49:31 UTC
Actual number of (complex) samples collected: 1200001024
Actual number of device readouts: 1465
Number of successful readouts: 1465
Actual number of averaged spectra: 585938
Effective integration time: 600.001 seconds
Buffer queue histogram: 0 0 0 0 1464 1 
Found Elonics E4000 tuner
Available gains (in 1/10th of dB): -10, 15, 40, 65, 90, 115, 140, 165, 190, 215, 240, 290, 340, 420
Selected nearest available gain: 290 (29 dB)
Exact sample rate is: 2000000.052982 Hz
Actual sample rate: 2000000 Hz
Number of bins: 2048
Total number of (complex) samples to collect: 1200001024
Buffer length: 1638400
Number of averaged spectra: 585938
Estimated time of measurements: 600.001 seconds
Tuning to 1420700000 Hz (try 1)
Device tuned to: 1420700000 Hz
Acquisition started at 2026-09-05 10:49:47 UTC
